
 Start         Length     Name                   Class
 0001:00000000 0016C8DCH .text                   CODE
 0002:00000000 00005704H .data                   DATA
 0002:00005704 00002CA1H .bss                    BSS


Detailed map of segments

 0001:00000000 00005D37 C=CODE     S=.text    G=(none)   M=System   ACBP=A9
 0001:00005D38 00000140 C=CODE     S=.text    G=(none)   M=SysInit  ACBP=A9
 0001:00005E78 0000030C C=CODE     S=.text    G=(none)   M=Types    ACBP=A9
 0001:00006184 00000EEC C=CODE     S=.text    G=(none)   M=Windows  ACBP=A9
 0001:00007070 00000038 C=CODE     S=.text    G=(none)   M=Messages ACBP=A9
 0001:000070A8 00000380 C=CODE     S=.text    G=(none)   M=SysConst ACBP=A9
 0001:00007428 00007354 C=CODE     S=.text    G=(none)   M=SysUtils ACBP=A9
 0001:0000E77C 00000823 C=CODE     S=.text    G=(none)   M=VarUtils ACBP=A9
 0001:0000EFA0 0000928A C=CODE     S=.text    G=(none)   M=Variants ACBP=A9
 0001:0001822C 00000178 C=CODE     S=.text    G=(none)   M=RTLConsts ACBP=A9
 0001:000183A4 00001904 C=CODE     S=.text    G=(none)   M=TypInfo  ACBP=A9
 0001:00019CA8 00000160 C=CODE     S=.text    G=(none)   M=ActiveX  ACBP=A9
 0001:00019E08 0000ABFA C=CODE     S=.text    G=(none)   M=Classes  ACBP=A9
 0001:00024A04 000003B0 C=CODE     S=.text    G=(none)   M=Consts   ACBP=A9
 0001:00024DB4 00009BFF C=CODE     S=.text    G=(none)   M=Graphics ACBP=A9
 0001:0002E9B4 00000100 C=CODE     S=.text    G=(none)   M=Math     ACBP=A9
 0001:0002EAB4 000002DC C=CODE     S=.text    G=(none)   M=Contnrs  ACBP=A9
 0001:0002ED90 0000041C C=CODE     S=.text    G=(none)   M=CommCtrl ACBP=A9
 0001:0002F1AC 00000787 C=CODE     S=.text    G=(none)   M=MultiMon ACBP=A9
 0001:0002F934 00000038 C=CODE     S=.text    G=(none)   M=Imm      ACBP=A9
 0001:0002F96C 00000FF8 C=CODE     S=.text    G=(none)   M=HelpIntfs ACBP=A9
 0001:00030964 00000038 C=CODE     S=.text    G=(none)   M=WinSpool ACBP=A9
 0001:0003099C 00000044 C=CODE     S=.text    G=(none)   M=Printers ACBP=A9
 0001:000309E0 0000031F C=CODE     S=.text    G=(none)   M=FlatSB   ACBP=A9
 0001:00030D00 000001A4 C=CODE     S=.text    G=(none)   M=SyncObjs ACBP=A9
 0001:00030EA4 000009BB C=CODE     S=.text    G=(none)   M=UxTheme  ACBP=A9
 0001:00031860 00000038 C=CODE     S=.text    G=(none)   M=RichEdit ACBP=A9
 0001:00031898 00000038 C=CODE     S=.text    G=(none)   M=ToolWin  ACBP=A9
 0001:000318D0 00000050 C=CODE     S=.text    G=(none)   M=ShellAPI ACBP=A9
 0001:00031920 00000038 C=CODE     S=.text    G=(none)   M=RegStr   ACBP=A9
 0001:00031958 000000C0 C=CODE     S=.text    G=(none)   M=WinInet  ACBP=A9
 0001:00031A18 00000038 C=CODE     S=.text    G=(none)   M=UrlMon   ACBP=A9
 0001:00031A50 000000C8 C=CODE     S=.text    G=(none)   M=ShlObj   ACBP=A9
 0001:00031B18 00000048 C=CODE     S=.text    G=(none)   M=CommDlg  ACBP=A9
 0001:00031B60 00000038 C=CODE     S=.text    G=(none)   M=Dlgs     ACBP=A9
 0001:00031B98 000024A1 C=CODE     S=.text    G=(none)   M=Dialogs  ACBP=A9
 0001:0003403C 0000327A C=CODE     S=.text    G=(none)   M=ExtCtrls ACBP=A9
 0001:000372B8 00000048 C=CODE     S=.text    G=(none)   M=ComStrs  ACBP=A9
 0001:00037300 0000069C C=CODE     S=.text    G=(none)   M=Clipbrd  ACBP=A9
 0001:0003799C 000000A0 C=CODE     S=.text    G=(none)   M=StrUtils ACBP=A9
 0001:00037A3C 00002775 C=CODE     S=.text    G=(none)   M=Buttons  ACBP=A9
 0001:0003A1B4 00000DFC C=CODE     S=.text    G=(none)   M=ExtDlgs  ACBP=A9
 0001:0003AFB0 00001014 C=CODE     S=.text    G=(none)   M=IniFiles ACBP=A9
 0001:0003BFC4 00000068 C=CODE     S=.text    G=(none)   M=Registry ACBP=A9
 0001:0003C02C 0000006C C=CODE     S=.text    G=(none)   M=Mapi     ACBP=A9
 0001:0003C098 00000058 C=CODE     S=.text    G=(none)   M=ExtActns ACBP=A9
 0001:0003C0F0 00000038 C=CODE     S=.text    G=(none)   M=ListActns ACBP=A9
 0001:0003C128 00006604 C=CODE     S=.text    G=(none)   M=ComCtrls ACBP=A9
 0001:0004272C 00000C54 C=CODE     S=.text    G=(none)   M=Themes   ACBP=A9
 0001:00043380 00009CC8 C=CODE     S=.text    G=(none)   M=StdCtrls ACBP=A9
 0001:0004D048 00000168 C=CODE     S=.text    G=(none)   M=StdActns ACBP=A9
 0001:0004D1B0 00000D1F C=CODE     S=.text    G=(none)   M=WinHelpViewer ACBP=A9
 0001:0004DED0 0001142B C=CODE     S=.text    G=(none)   M=Controls ACBP=A9
 0001:0005F2FC 00001292 C=CODE     S=.text    G=(none)   M=ActnList ACBP=A9
 0001:00060590 00001CC0 C=CODE     S=.text    G=(none)   M=ImgList  ACBP=A9
 0001:00062250 00006639 C=CODE     S=.text    G=(none)   M=Menus    ACBP=A9
 0001:0006888C 0000C4FC C=CODE     S=.text    G=(none)   M=Forms    ACBP=A9
 0001:00074D88 000001E0 C=CODE     S=.text    G=(none)   M=XMLConst ACBP=A9
 0001:00074F68 00000058 C=CODE     S=.text    G=(none)   M=ComConst ACBP=A9
 0001:00074FC0 00000FAD C=CODE     S=.text    G=(none)   M=ComObj   ACBP=A9
 0001:00075F70 000001E8 C=CODE     S=.text    G=(none)   M=msxml    ACBP=A9
 0001:00076158 00007581 C=CODE     S=.text    G=(none)   M=msxmldom ACBP=A9
 0001:0007D6DC 00000BAB C=CODE     S=.text    G=(none)   M=xmldom   ACBP=A9
 0001:0007E288 00000398 C=CODE     S=.text    G=(none)   M=XMLIntf  ACBP=A9
 0001:0007E620 0000078C C=CODE     S=.text    G=(none)   M=XMLSchemaTags ACBP=A9
 0001:0007EDAC 00008B6C C=CODE     S=.text    G=(none)   M=XMLDoc   ACBP=A9
 0001:00087918 000145CC C=CODE     S=.text    G=(none)   M=XMLSchema ACBP=A9
 0001:0009BEE4 000003F0 C=CODE     S=.text    G=(none)   M=SOAPConst ACBP=A9
 0001:0009C2D4 00000D4C C=CODE     S=.text    G=(none)   M=IntfInfo ACBP=A9
 0001:0009D020 000001EC C=CODE     S=.text    G=(none)   M=InvRules ACBP=A9
 0001:0009D20C 00000058 C=CODE     S=.text    G=(none)   M=DBConsts ACBP=A9
 0001:0009D264 000035FF C=CODE     S=.text    G=(none)   M=FMTBcd   ACBP=A9
 0001:000A0864 00000338 C=CODE     S=.text    G=(none)   M=DateUtils ACBP=A9
 0001:000A0B9C 00003AD8 C=CODE     S=.text    G=(none)   M=XSBuiltIns ACBP=A9
 0001:000A4674 00000038 C=CODE     S=.text    G=(none)   M=Masks    ACBP=A9
 0001:000A46AC 00000038 C=CODE     S=.text    G=(none)   M=WebConst ACBP=A9
 0001:000A46E4 00000038 C=CODE     S=.text    G=(none)   M=BrkrConst ACBP=A9
 0001:000A471C 00000150 C=CODE     S=.text    G=(none)   M=HTTPApp  ACBP=A9
 0001:000A486C 00000C24 C=CODE     S=.text    G=(none)   M=WSDLIntf ACBP=A9
 0001:000A5490 00002508 C=CODE     S=.text    G=(none)   M=SOAPAttach ACBP=A9
 0001:000A7998 00000198 C=CODE     S=.text    G=(none)   M=SOAPAttachIntf ACBP=A9
 0001:000A7B30 000001D0 C=CODE     S=.text    G=(none)   M=OPConvert ACBP=A9
 0001:000A7D00 00000068 C=CODE     S=.text    G=(none)   M=WebNode  ACBP=A9
 0001:000A7D68 000096BC C=CODE     S=.text    G=(none)   M=WSDLBind ACBP=A9
 0001:000B1424 00000038 C=CODE     S=.text    G=(none)   M=WinSock  ACBP=A9
 0001:000B145C 00000184 C=CODE     S=.text    G=(none)   M=WebServExp ACBP=A9
 0001:000B15E0 000018A4 C=CODE     S=.text    G=(none)   M=Rio      ACBP=A9
 0001:000B2E84 00000514 C=CODE     S=.text    G=(none)   M=SOAPEnv  ACBP=A9
 0001:000B3398 00000620 C=CODE     S=.text    G=(none)   M=SOAPDomConv ACBP=A9
 0001:000B39B8 000004D0 C=CODE     S=.text    G=(none)   M=EncdDecd ACBP=A9
 0001:000B3E88 000010C7 C=CODE     S=.text    G=(none)   M=TypeTrans ACBP=A9
 0001:000B4F50 00000167 C=CODE     S=.text    G=(none)   M=OPToSOAPDomCustom ACBP=A9
 0001:000B50B8 0004BA30 C=CODE     S=.text    G=(none)   M=xdom     ACBP=A9
 0001:00100AE8 000073DA C=CODE     S=.text    G=(none)   M=oxmldom  ACBP=A9
 0001:00107EC4 00000654 C=CODE     S=.text    G=(none)   M=xercesxmldom ACBP=A9
 0001:00108518 00000B20 C=CODE     S=.text    G=(none)   M=SOAPHTTPClient ACBP=A9
 0001:00109038 00006C0C C=CODE     S=.text    G=(none)   M=inquire_v1 ACBP=A9
 0001:0010FC44 00000280 C=CODE     S=.text    G=(none)   M=UDDIHelper ACBP=A9
 0001:0010FEC4 000021DC C=CODE     S=.text    G=(none)   M=SOAPHTTPTrans ACBP=A9
 0001:001120A0 00000940 C=CODE     S=.text    G=(none)   M=HTTPUtil ACBP=A9
 0001:001129E0 00001DD8 C=CODE     S=.text    G=(none)   M=WSDLItems ACBP=A9
 0001:001147B8 00000624 C=CODE     S=.text    G=(none)   M=WSDLNode ACBP=A9
 0001:00114DDC 0000A794 C=CODE     S=.text    G=(none)   M=OPToSOAPDomConv ACBP=A9
 0001:0011F570 00005E51 C=CODE     S=.text    G=(none)   M=InvokeRegistry ACBP=A9
 0001:001253C4 00000514 C=CODE     S=.text    G=(none)   M=IColetaService ACBP=A9
 0001:001258D8 000055E8 C=CODE     S=.text    G=(none)   M=FileCtrl ACBP=A9
 0001:0012AEC0 00000A2C C=CODE     S=.text    G=(none)   M=MaskUtils ACBP=A9
 0001:0012B8EC 00002108 C=CODE     S=.text    G=(none)   M=Mask     ACBP=A9
 0001:0012D9F4 0000043D C=CODE     S=.text    G=(none)   M=JclResources ACBP=A9
 0001:0012DE34 00000038 C=CODE     S=.text    G=(none)   M=AccCtrl  ACBP=A9
 0001:0012DE6C 000002C1 C=CODE     S=.text    G=(none)   M=JclWin32 ACBP=A9
 0001:0012E130 00000155 C=CODE     S=.text    G=(none)   M=JclLogic ACBP=A9
 0001:0012E288 00000161 C=CODE     S=.text    G=(none)   M=JclStringConversions ACBP=A9
 0001:0012E3EC 000017F5 C=CODE     S=.text    G=(none)   M=JclCharsets ACBP=A9
 0001:0012FBE4 00000155 C=CODE     S=.text    G=(none)   M=Jcl8087  ACBP=A9
 0001:0012FD3C 00000038 C=CODE     S=.text    G=(none)   M=Snmp     ACBP=A9
 0001:0012FD74 00000038 C=CODE     S=.text    G=(none)   M=TlHelp32 ACBP=A9
 0001:0012FDAC 00000038 C=CODE     S=.text    G=(none)   M=PsAPI    ACBP=A9
 0001:0012FDE4 00000159 C=CODE     S=.text    G=(none)   M=JclIniFiles ACBP=A9
 0001:0012FF40 00000A58 C=CODE     S=.text    G=(none)   M=JclSysInfo ACBP=A9
 0001:00130998 00001AB9 C=CODE     S=.text    G=(none)   M=JclUnicode ACBP=A9
 0001:00132454 00000159 C=CODE     S=.text    G=(none)   M=JclWideStrings ACBP=A9
 0001:001325B0 000004BF C=CODE     S=.text    G=(none)   M=JclRegistry ACBP=A9
 0001:00132A70 0000047D C=CODE     S=.text    G=(none)   M=JclSynch ACBP=A9
 0001:00132EF0 0000018D C=CODE     S=.text    G=(none)   M=JclMath  ACBP=A9
 0001:00133080 00000155 C=CODE     S=.text    G=(none)   M=JclStreams ACBP=A9
 0001:001331D8 0000023F C=CODE     S=.text    G=(none)   M=JclAnsiStrings ACBP=A9
 0001:00133418 0000045F C=CODE     S=.text    G=(none)   M=JclStrings ACBP=A9
 0001:00133878 000001D9 C=CODE     S=.text    G=(none)   M=JclShell ACBP=A9
 0001:00133A54 00000159 C=CODE     S=.text    G=(none)   M=JclSecurity ACBP=A9
 0001:00133BB0 00000159 C=CODE     S=.text    G=(none)   M=JclDateTime ACBP=A9
 0001:00133D0C 000007E9 C=CODE     S=.text    G=(none)   M=JclFileUtils ACBP=A9
 0001:001344F8 00000159 C=CODE     S=.text    G=(none)   M=JclConsole ACBP=A9
 0001:00134654 00000724 C=CODE     S=.text    G=(none)   M=JclSysUtils ACBP=A9
 0001:00134D78 00000865 C=CODE     S=.text    G=(none)   M=JclUnitVersioning ACBP=A9
 0001:001355E0 00000272 C=CODE     S=.text    G=(none)   M=JclBase  ACBP=A9
 0001:00135854 00000038 C=CODE     S=.text    G=(none)   M=JvConsts ACBP=A9
 0001:0013588C 000002D0 C=CODE     S=.text    G=(none)   M=JvResources ACBP=A9
 0001:00135B5C 00000FAC C=CODE     S=.text    G=(none)   M=JvTypes  ACBP=A9
 0001:00136B08 0000043B C=CODE     S=.text    G=(none)   M=JvThemes ACBP=A9
 0001:00136F44 0000006C C=CODE     S=.text    G=(none)   M=JVCLVer  ACBP=A9
 0001:00136FB0 00000C58 C=CODE     S=.text    G=(none)   M=JvExControls ACBP=A9
 0001:00137C08 00000038 C=CODE     S=.text    G=(none)   M=JvComponentBase ACBP=A9
 0001:00137C40 00000038 C=CODE     S=.text    G=(none)   M=JvExForms ACBP=A9
 0001:00137C78 00000038 C=CODE     S=.text    G=(none)   M=JvExStdCtrls ACBP=A9
 0001:00137CB0 00000038 C=CODE     S=.text    G=(none)   M=JvComponent ACBP=A9
 0001:00137CE8 0000862C C=CODE     S=.text    G=(none)   M=Grids    ACBP=A9
 0001:00140314 00000038 C=CODE     S=.text    G=(none)   M=MMSystem ACBP=A9
 0001:0014034C 00000C78 C=CODE     S=.text    G=(none)   M=JvJCLUtils ACBP=A9
 0001:00140FC4 000002D6 C=CODE     S=.text    G=(none)   M=JclRTTI  ACBP=A9
 0001:0014129C 00000155 C=CODE     S=.text    G=(none)   M=JclMime  ACBP=A9
 0001:001413F4 00000038 C=CODE     S=.text    G=(none)   M=JvPropertyStoreEditorIntf ACBP=A9
 0001:0014142C 00000104 C=CODE     S=.text    G=(none)   M=JvStrings ACBP=A9
 0001:00141530 00000050 C=CODE     S=.text    G=(none)   M=JConsts  ACBP=A9
 0001:00141580 000133EC C=CODE     S=.text    G=(none)   M=jpeg     ACBP=A9
 0001:0015496C 00000044 C=CODE     S=.text    G=(none)   M=JvProgressUtils ACBP=A9
 0001:001549B0 00000218 C=CODE     S=.text    G=(none)   M=JvPropertyStore ACBP=A9
 0001:00154BC8 00000038 C=CODE     S=.text    G=(none)   M=JvTranslateString ACBP=A9
 0001:00154C00 0000005C C=CODE     S=.text    G=(none)   M=JvAppStorage ACBP=A9
 0001:00154C5C 0000148B C=CODE     S=.text    G=(none)   M=JvJVCLUtils ACBP=A9
 0001:001560E8 00000044 C=CODE     S=.text    G=(none)   M=JvButton ACBP=A9
 0001:0015612C 000003B4 C=CODE     S=.text    G=(none)   M=JvHotTrackPersistent ACBP=A9
 0001:001564E0 000044B4 C=CODE     S=.text    G=(none)   M=JvSpeedButton ACBP=A9
 0001:0015A994 00000D6C C=CODE     S=.text    G=(none)   M=JvExMask ACBP=A9
 0001:0015B700 00000E13 C=CODE     S=.text    G=(none)   M=SqlTimSt ACBP=A9
 0001:0015C514 00000508 C=CODE     S=.text    G=(none)   M=DB       ACBP=A9
 0001:0015CA1C 00000AC4 C=CODE     S=.text    G=(none)   M=JvDataSourceIntf ACBP=A9
 0001:0015D4E0 000001F0 C=CODE     S=.text    G=(none)   M=JvBaseDlg ACBP=A9
 0001:0015D6D0 0000230C C=CODE     S=.text    G=(none)   M=JvBrowseFolder ACBP=A9
 0001:0015F9DC 00000038 C=CODE     S=.text    G=(none)   M=JvExGrids ACBP=A9
 0001:0015FA14 00000038 C=CODE     S=.text    G=(none)   M=JvPickDate ACBP=A9
 0001:0015FA4C 00007C1C C=CODE     S=.text    G=(none)   M=JvToolEdit ACBP=A9
 0001:00167668 00000038 C=CODE     S=.text    G=(none)   M=JvCaret  ACBP=A9
 0001:001676A0 00000038 C=CODE     S=.text    G=(none)   M=JvMaxPixel ACBP=A9
 0001:001676D8 00000044 C=CODE     S=.text    G=(none)   M=JvFixedEditPopUp ACBP=A9
 0001:0016771C 00000038 C=CODE     S=.text    G=(none)   M=JvEdit   ACBP=A9
 0001:00167754 00000038 C=CODE     S=.text    G=(none)   M=JvValidateEdit ACBP=A9
 0001:0016778C 00003104 C=CODE     S=.text    G=(none)   M=ValEdit  ACBP=A9
 0001:0016A890 00001A34 C=CODE     S=.text    G=(none)   M=untPrincipal ACBP=A9
 0001:0016C2C4 00000615 C=CODE     S=.text    G=(none)   M=prj_ConsumeWsIColeta ACBP=A9
 0002:00000000 0000009C C=DATA     S=.data    G=DGROUP   M=System   ACBP=A9
 0002:0000009C 00000020 C=DATA     S=.data    G=DGROUP   M=SysInit  ACBP=A9
 0002:000000BC 00000254 C=DATA     S=.data    G=DGROUP   M=SysUtils ACBP=A9
 0002:00000310 00000110 C=DATA     S=.data    G=DGROUP   M=VarUtils ACBP=A9
 0002:00000420 000001B6 C=DATA     S=.data    G=DGROUP   M=Variants ACBP=A9
 0002:000005D8 0000000C C=DATA     S=.data    G=DGROUP   M=TypInfo  ACBP=A9
 0002:000005E4 00000010 C=DATA     S=.data    G=DGROUP   M=ActiveX  ACBP=A9
 0002:000005F4 000000E4 C=DATA     S=.data    G=DGROUP   M=Classes  ACBP=A9
 0002:000006D8 0000030C C=DATA     S=.data    G=DGROUP   M=Graphics ACBP=A9
 0002:000009E4 00000004 C=DATA     S=.data    G=DGROUP   M=Printers ACBP=A9
 0002:000009E8 00000114 C=DATA     S=.data    G=DGROUP   M=Dialogs  ACBP=A9
 0002:00000AFC 0000018C C=DATA     S=.data    G=DGROUP   M=ExtCtrls ACBP=A9
 0002:00000C88 00000046 C=DATA     S=.data    G=DGROUP   M=Buttons  ACBP=A9
 0002:00000CD0 00000008 C=DATA     S=.data    G=DGROUP   M=IniFiles ACBP=A9
 0002:00000CD8 00000008 C=DATA     S=.data    G=DGROUP   M=Registry ACBP=A9
 0002:00000CE0 00000008 C=DATA     S=.data    G=DGROUP   M=Mapi     ACBP=A9
 0002:00000CE8 00000080 C=DATA     S=.data    G=DGROUP   M=ComCtrls ACBP=A9
 0002:00000D68 00000068 C=DATA     S=.data    G=DGROUP   M=Themes   ACBP=A9
 0002:00000DD0 00000110 C=DATA     S=.data    G=DGROUP   M=StdCtrls ACBP=A9
 0002:00000EE0 0000013C C=DATA     S=.data    G=DGROUP   M=Controls ACBP=A9
 0002:0000101C 00000020 C=DATA     S=.data    G=DGROUP   M=ImgList  ACBP=A9
 0002:0000103C 000000EC C=DATA     S=.data    G=DGROUP   M=Menus    ACBP=A9
 0002:00001128 0000011C C=DATA     S=.data    G=DGROUP   M=Forms    ACBP=A9
 0002:00001244 00000030 C=DATA     S=.data    G=DGROUP   M=ComObj   ACBP=A9
 0002:00001274 00000010 C=DATA     S=.data    G=DGROUP   M=msxml    ACBP=A9
 0002:00001284 00000064 C=DATA     S=.data    G=DGROUP   M=msxmldom ACBP=A9
 0002:000012E8 00000034 C=DATA     S=.data    G=DGROUP   M=XMLIntf  ACBP=A9
 0002:0000131C 000000E4 C=DATA     S=.data    G=DGROUP   M=XMLSchemaTags ACBP=A9
 0002:00001400 00000030 C=DATA     S=.data    G=DGROUP   M=XMLDoc   ACBP=A9
 0002:00001430 00000050 C=DATA     S=.data    G=DGROUP   M=XMLSchema ACBP=A9
 0002:00001480 00000058 C=DATA     S=.data    G=DGROUP   M=SOAPConst ACBP=A9
 0002:000014D8 000000A1 C=DATA     S=.data    G=DGROUP   M=IntfInfo ACBP=A9
 0002:0000157C 0000003A C=DATA     S=.data    G=DGROUP   M=FMTBcd   ACBP=A9
 0002:000015B8 00000029 C=DATA     S=.data    G=DGROUP   M=XSBuiltIns ACBP=A9
 0002:000015E4 0000004C C=DATA     S=.data    G=DGROUP   M=HTTPApp  ACBP=A9
 0002:00001630 00000258 C=DATA     S=.data    G=DGROUP   M=WSDLIntf ACBP=A9
 0002:00001888 00000240 C=DATA     S=.data    G=DGROUP   M=EncdDecd ACBP=A9
 0002:00001AC8 00000294 C=DATA     S=.data    G=DGROUP   M=xdom     ACBP=A9
 0002:00001D5C 00000054 C=DATA     S=.data    G=DGROUP   M=oxmldom  ACBP=A9
 0002:00001DB0 0000003C C=DATA     S=.data    G=DGROUP   M=xercesxmldom ACBP=A9
 0002:00001DEC 00000004 C=DATA     S=.data    G=DGROUP   M=OPToSOAPDomConv ACBP=A9
 0002:00001DF0 00000028 C=DATA     S=.data    G=DGROUP   M=InvokeRegistry ACBP=A9
 0002:00001E18 00000016 C=DATA     S=.data    G=DGROUP   M=FileCtrl ACBP=A9
 0002:00001E30 00000009 C=DATA     S=.data    G=DGROUP   M=MaskUtils ACBP=A9
 0002:00001E3C 00000004 C=DATA     S=.data    G=DGROUP   M=Mask     ACBP=A9
 0002:00001E40 00000018 C=DATA     S=.data    G=DGROUP   M=JclResources ACBP=A9
 0002:00001E58 00000018 C=DATA     S=.data    G=DGROUP   M=JclWin32 ACBP=A9
 0002:00001E70 00000018 C=DATA     S=.data    G=DGROUP   M=JclLogic ACBP=A9
 0002:00001E88 00000018 C=DATA     S=.data    G=DGROUP   M=JclStringConversions ACBP=A9
 0002:00001EA0 00000988 C=DATA     S=.data    G=DGROUP   M=JclCharsets ACBP=A9
 0002:00002828 00000018 C=DATA     S=.data    G=DGROUP   M=Jcl8087  ACBP=A9
 0002:00002840 00000018 C=DATA     S=.data    G=DGROUP   M=JclIniFiles ACBP=A9
 0002:00002858 00000754 C=DATA     S=.data    G=DGROUP   M=JclSysInfo ACBP=A9
 0002:00002FAC 0000075C C=DATA     S=.data    G=DGROUP   M=JclUnicode ACBP=A9
 0002:00003708 00000018 C=DATA     S=.data    G=DGROUP   M=JclWideStrings ACBP=A9
 0002:00003720 000000C0 C=DATA     S=.data    G=DGROUP   M=JclRegistry ACBP=A9
 0002:000037E0 00000018 C=DATA     S=.data    G=DGROUP   M=JclSynch ACBP=A9
 0002:000037F8 00000020 C=DATA     S=.data    G=DGROUP   M=JclMath  ACBP=A9
 0002:00003818 00000018 C=DATA     S=.data    G=DGROUP   M=JclStreams ACBP=A9
 0002:00003830 0000001C C=DATA     S=.data    G=DGROUP   M=JclAnsiStrings ACBP=A9
 0002:0000384C 00000024 C=DATA     S=.data    G=DGROUP   M=JclStrings ACBP=A9
 0002:00003870 0000001C C=DATA     S=.data    G=DGROUP   M=JclShell ACBP=A9
 0002:0000388C 00000018 C=DATA     S=.data    G=DGROUP   M=JclSecurity ACBP=A9
 0002:000038A4 00000018 C=DATA     S=.data    G=DGROUP   M=JclDateTime ACBP=A9
 0002:000038BC 00000050 C=DATA     S=.data    G=DGROUP   M=JclFileUtils ACBP=A9
 0002:0000390C 00000018 C=DATA     S=.data    G=DGROUP   M=JclConsole ACBP=A9
 0002:00003924 0000002C C=DATA     S=.data    G=DGROUP   M=JclSysUtils ACBP=A9
 0002:00003950 00000028 C=DATA     S=.data    G=DGROUP   M=JclUnitVersioning ACBP=A9
 0002:00003978 00000018 C=DATA     S=.data    G=DGROUP   M=JclBase  ACBP=A9
 0002:00003990 0000000E C=DATA     S=.data    G=DGROUP   M=JvConsts ACBP=A9
 0002:000039A0 00000438 C=DATA     S=.data    G=DGROUP   M=JvTypes  ACBP=A9
 0002:00003DD8 00000008 C=DATA     S=.data    G=DGROUP   M=JvExControls ACBP=A9
 0002:00003DE0 00000050 C=DATA     S=.data    G=DGROUP   M=JvJCLUtils ACBP=A9
 0002:00003E30 00000018 C=DATA     S=.data    G=DGROUP   M=JclRTTI  ACBP=A9
 0002:00003E48 00000018 C=DATA     S=.data    G=DGROUP   M=JclMime  ACBP=A9
 0002:00003E60 0000000C C=DATA     S=.data    G=DGROUP   M=JvStrings ACBP=A9
 0002:00003E6C 00000908 C=DATA     S=.data    G=DGROUP   M=jpeg     ACBP=A9
 0002:00004774 00000004 C=DATA     S=.data    G=DGROUP   M=JvProgressUtils ACBP=A9
 0002:00004778 00000048 C=DATA     S=.data    G=DGROUP   M=JvPropertyStore ACBP=A9
 0002:000047C0 00000070 C=DATA     S=.data    G=DGROUP   M=JvJVCLUtils ACBP=A9
 0002:00004830 00000004 C=DATA     S=.data    G=DGROUP   M=JvButton ACBP=A9
 0002:00004834 00000010 C=DATA     S=.data    G=DGROUP   M=JvSpeedButton ACBP=A9
 0002:00004844 0000003C C=DATA     S=.data    G=DGROUP   M=SqlTimSt ACBP=A9
 0002:00004880 00000098 C=DATA     S=.data    G=DGROUP   M=DB       ACBP=A9
 0002:00004918 00000300 C=DATA     S=.data    G=DGROUP   M=JvBrowseFolder ACBP=A9
 0002:00004C18 000000C0 C=DATA     S=.data    G=DGROUP   M=JvToolEdit ACBP=A9
 0002:00004CD8 00000004 C=DATA     S=.data    G=DGROUP   M=JvFixedEditPopUp ACBP=A9
 0002:00006000 00000664 C=BSS      S=.bss     G=DGROUP   M=System   ACBP=A9
 0002:00006664 00000010 C=BSS      S=.bss     G=DGROUP   M=SysInit  ACBP=A9
 0002:00006674 00000004 C=BSS      S=.bss     G=DGROUP   M=Types    ACBP=A9
 0002:00006678 00000004 C=BSS      S=.bss     G=DGROUP   M=Windows  ACBP=A9
 0002:0000667C 00000004 C=BSS      S=.bss     G=DGROUP   M=Messages ACBP=A9
 0002:00006680 00000004 C=BSS      S=.bss     G=DGROUP   M=SysConst ACBP=A9
 0002:00006684 00000120 C=BSS      S=.bss     G=DGROUP   M=SysUtils ACBP=A9
 0002:000067A4 0000005C C=BSS      S=.bss     G=DGROUP   M=VarUtils ACBP=A9
 0002:00006800 00000040 C=BSS      S=.bss     G=DGROUP   M=Variants ACBP=A9
 0002:00006840 00000004 C=BSS      S=.bss     G=DGROUP   M=RTLConsts ACBP=A9
 0002:00006844 00000004 C=BSS      S=.bss     G=DGROUP   M=TypInfo  ACBP=A9
 0002:00006848 00000004 C=BSS      S=.bss     G=DGROUP   M=ActiveX  ACBP=A9
 0002:0000684C 00000040 C=BSS      S=.bss     G=DGROUP   M=Classes  ACBP=A9
 0002:0000688C 00000004 C=BSS      S=.bss     G=DGROUP   M=Consts   ACBP=A9
 0002:00006890 00000060 C=BSS      S=.bss     G=DGROUP   M=Graphics ACBP=A9
 0002:000068F0 00000004 C=BSS      S=.bss     G=DGROUP   M=Math     ACBP=A9
 0002:000068F4 00000004 C=BSS      S=.bss     G=DGROUP   M=Contnrs  ACBP=A9
 0002:000068F8 0000000C C=BSS      S=.bss     G=DGROUP   M=CommCtrl ACBP=A9
 0002:00006904 00000031 C=BSS      S=.bss     G=DGROUP   M=MultiMon ACBP=A9
 0002:00006938 00000004 C=BSS      S=.bss     G=DGROUP   M=Imm      ACBP=A9
 0002:0000693C 00000008 C=BSS      S=.bss     G=DGROUP   M=HelpIntfs ACBP=A9
 0002:00006944 00000004 C=BSS      S=.bss     G=DGROUP   M=WinSpool ACBP=A9
 0002:00006948 00000004 C=BSS      S=.bss     G=DGROUP   M=Printers ACBP=A9
 0002:0000694C 00000034 C=BSS      S=.bss     G=DGROUP   M=FlatSB   ACBP=A9
 0002:00006980 00000004 C=BSS      S=.bss     G=DGROUP   M=SyncObjs ACBP=A9
 0002:00006984 000000CC C=BSS      S=.bss     G=DGROUP   M=UxTheme  ACBP=A9
 0002:00006A50 00000004 C=BSS      S=.bss     G=DGROUP   M=RichEdit ACBP=A9
 0002:00006A54 00000004 C=BSS      S=.bss     G=DGROUP   M=ToolWin  ACBP=A9
 0002:00006A58 00000004 C=BSS      S=.bss     G=DGROUP   M=ShellAPI ACBP=A9
 0002:00006A5C 00000004 C=BSS      S=.bss     G=DGROUP   M=RegStr   ACBP=A9
 0002:00006A60 00000004 C=BSS      S=.bss     G=DGROUP   M=WinInet  ACBP=A9
 0002:00006A64 00000004 C=BSS      S=.bss     G=DGROUP   M=UrlMon   ACBP=A9
 0002:00006A68 00000004 C=BSS      S=.bss     G=DGROUP   M=ShlObj   ACBP=A9
 0002:00006A6C 00000004 C=BSS      S=.bss     G=DGROUP   M=CommDlg  ACBP=A9
 0002:00006A70 00000004 C=BSS      S=.bss     G=DGROUP   M=Dlgs     ACBP=A9
 0002:00006A74 00000038 C=BSS      S=.bss     G=DGROUP   M=Dialogs  ACBP=A9
 0002:00006AAC 00000004 C=BSS      S=.bss     G=DGROUP   M=ExtCtrls ACBP=A9
 0002:00006AB0 00000004 C=BSS      S=.bss     G=DGROUP   M=ComStrs  ACBP=A9
 0002:00006AB4 0000000C C=BSS      S=.bss     G=DGROUP   M=Clipbrd  ACBP=A9
 0002:00006AC0 00000004 C=BSS      S=.bss     G=DGROUP   M=StrUtils ACBP=A9
 0002:00006AC4 00000030 C=BSS      S=.bss     G=DGROUP   M=Buttons  ACBP=A9
 0002:00006AF4 00000004 C=BSS      S=.bss     G=DGROUP   M=ExtDlgs  ACBP=A9
 0002:00006AF8 00000004 C=BSS      S=.bss     G=DGROUP   M=IniFiles ACBP=A9
 0002:00006AFC 00000004 C=BSS      S=.bss     G=DGROUP   M=Registry ACBP=A9
 0002:00006B00 00000004 C=BSS      S=.bss     G=DGROUP   M=Mapi     ACBP=A9
 0002:00006B04 00000009 C=BSS      S=.bss     G=DGROUP   M=ExtActns ACBP=A9
 0002:00006B10 00000004 C=BSS      S=.bss     G=DGROUP   M=ListActns ACBP=A9
 0002:00006B14 00000010 C=BSS      S=.bss     G=DGROUP   M=ComCtrls ACBP=A9
 0002:00006B24 00000008 C=BSS      S=.bss     G=DGROUP   M=Themes   ACBP=A9
 0002:00006B2C 00000004 C=BSS      S=.bss     G=DGROUP   M=StdCtrls ACBP=A9
 0002:00006B30 00000004 C=BSS      S=.bss     G=DGROUP   M=StdActns ACBP=A9
 0002:00006B34 00000014 C=BSS      S=.bss     G=DGROUP   M=WinHelpViewer ACBP=A9
 0002:00006B48 00000080 C=BSS      S=.bss     G=DGROUP   M=Controls ACBP=A9
 0002:00006BC8 00000004 C=BSS      S=.bss     G=DGROUP   M=ActnList ACBP=A9
 0002:00006BCC 0000000C C=BSS      S=.bss     G=DGROUP   M=ImgList  ACBP=A9
 0002:00006BD8 00000010 C=BSS      S=.bss     G=DGROUP   M=Menus    ACBP=A9
 0002:00006BE8 00000020 C=BSS      S=.bss     G=DGROUP   M=Forms    ACBP=A9
 0002:00006C08 00000004 C=BSS      S=.bss     G=DGROUP   M=XMLConst ACBP=A9
 0002:00006C0C 00000004 C=BSS      S=.bss     G=DGROUP   M=ComConst ACBP=A9
 0002:00006C10 00000011 C=BSS      S=.bss     G=DGROUP   M=ComObj   ACBP=A9
 0002:00006C24 00000004 C=BSS      S=.bss     G=DGROUP   M=msxml    ACBP=A9
 0002:00006C28 00000008 C=BSS      S=.bss     G=DGROUP   M=msxmldom ACBP=A9
 0002:00006C30 0000000C C=BSS      S=.bss     G=DGROUP   M=xmldom   ACBP=A9
 0002:00006C3C 00000004 C=BSS      S=.bss     G=DGROUP   M=XMLIntf  ACBP=A9
 0002:00006C40 00000004 C=BSS      S=.bss     G=DGROUP   M=XMLSchemaTags ACBP=A9
 0002:00006C44 00000004 C=BSS      S=.bss     G=DGROUP   M=XMLDoc   ACBP=A9
 0002:00006C48 00000008 C=BSS      S=.bss     G=DGROUP   M=XMLSchema ACBP=A9
 0002:00006C50 00000004 C=BSS      S=.bss     G=DGROUP   M=SOAPConst ACBP=A9
 0002:00006C54 00000004 C=BSS      S=.bss     G=DGROUP   M=IntfInfo ACBP=A9
 0002:00006C58 00000004 C=BSS      S=.bss     G=DGROUP   M=InvRules ACBP=A9
 0002:00006C5C 00000004 C=BSS      S=.bss     G=DGROUP   M=DBConsts ACBP=A9
 0002:00006C60 00000004 C=BSS      S=.bss     G=DGROUP   M=FMTBcd   ACBP=A9
 0002:00006C64 00000004 C=BSS      S=.bss     G=DGROUP   M=DateUtils ACBP=A9
 0002:00006C68 00000004 C=BSS      S=.bss     G=DGROUP   M=XSBuiltIns ACBP=A9
 0002:00006C6C 00000004 C=BSS      S=.bss     G=DGROUP   M=Masks    ACBP=A9
 0002:00006C70 00000004 C=BSS      S=.bss     G=DGROUP   M=WebConst ACBP=A9
 0002:00006C74 00000004 C=BSS      S=.bss     G=DGROUP   M=BrkrConst ACBP=A9
 0002:00006C78 00000008 C=BSS      S=.bss     G=DGROUP   M=HTTPApp  ACBP=A9
 0002:00006C80 00000004 C=BSS      S=.bss     G=DGROUP   M=WSDLIntf ACBP=A9
 0002:00006C84 00000004 C=BSS      S=.bss     G=DGROUP   M=SOAPAttach ACBP=A9
 0002:00006C88 00000004 C=BSS      S=.bss     G=DGROUP   M=SOAPAttachIntf ACBP=A9
 0002:00006C8C 00000004 C=BSS      S=.bss     G=DGROUP   M=OPConvert ACBP=A9
 0002:00006C90 00000004 C=BSS      S=.bss     G=DGROUP   M=WebNode  ACBP=A9
 0002:00006C94 00000004 C=BSS      S=.bss     G=DGROUP   M=WSDLBind ACBP=A9
 0002:00006C98 00000004 C=BSS      S=.bss     G=DGROUP   M=WinSock  ACBP=A9
 0002:00006C9C 00000004 C=BSS      S=.bss     G=DGROUP   M=WebServExp ACBP=A9
 0002:00006CA0 00000004 C=BSS      S=.bss     G=DGROUP   M=Rio      ACBP=A9
 0002:00006CA4 00000004 C=BSS      S=.bss     G=DGROUP   M=SOAPEnv  ACBP=A9
 0002:00006CA8 00000004 C=BSS      S=.bss     G=DGROUP   M=SOAPDomConv ACBP=A9
 0002:00006CAC 00000004 C=BSS      S=.bss     G=DGROUP   M=EncdDecd ACBP=A9
 0002:00006CB0 00000008 C=BSS      S=.bss     G=DGROUP   M=TypeTrans ACBP=A9
 0002:00006CB8 00000008 C=BSS      S=.bss     G=DGROUP   M=OPToSOAPDomCustom ACBP=A9
 0002:00006CC0 00000004 C=BSS      S=.bss     G=DGROUP   M=xdom     ACBP=A9
 0002:00006CC4 00000010 C=BSS      S=.bss     G=DGROUP   M=oxmldom  ACBP=A9
 0002:00006CD4 00000008 C=BSS      S=.bss     G=DGROUP   M=xercesxmldom ACBP=A9
 0002:00006CDC 00000004 C=BSS      S=.bss     G=DGROUP   M=SOAPHTTPClient ACBP=A9
 0002:00006CE0 00000004 C=BSS      S=.bss     G=DGROUP   M=inquire_v1 ACBP=A9
 0002:00006CE4 00000004 C=BSS      S=.bss     G=DGROUP   M=UDDIHelper ACBP=A9
 0002:00006CE8 00000004 C=BSS      S=.bss     G=DGROUP   M=SOAPHTTPTrans ACBP=A9
 0002:00006CEC 00000004 C=BSS      S=.bss     G=DGROUP   M=HTTPUtil ACBP=A9
 0002:00006CF0 00000004 C=BSS      S=.bss     G=DGROUP   M=WSDLItems ACBP=A9
 0002:00006CF4 00000004 C=BSS      S=.bss     G=DGROUP   M=WSDLNode ACBP=A9
 0002:00006CF8 00000004 C=BSS      S=.bss     G=DGROUP   M=OPToSOAPDomConv ACBP=A9
 0002:00006CFC 00000014 C=BSS      S=.bss     G=DGROUP   M=InvokeRegistry ACBP=A9
 0002:00006D10 0000000C C=BSS      S=.bss     G=DGROUP   M=IColetaService ACBP=A9
 0002:00006D1C 00000004 C=BSS      S=.bss     G=DGROUP   M=FileCtrl ACBP=A9
 0002:00006D20 00000004 C=BSS      S=.bss     G=DGROUP   M=MaskUtils ACBP=A9
 0002:00006D24 00000004 C=BSS      S=.bss     G=DGROUP   M=Mask     ACBP=A9
 0002:00006D28 00000004 C=BSS      S=.bss     G=DGROUP   M=JclResources ACBP=A9
 0002:00006D2C 00000004 C=BSS      S=.bss     G=DGROUP   M=AccCtrl  ACBP=A9
 0002:00006D30 00000004 C=BSS      S=.bss     G=DGROUP   M=JclWin32 ACBP=A9
 0002:00006D34 00000004 C=BSS      S=.bss     G=DGROUP   M=JclLogic ACBP=A9
 0002:00006D38 00000004 C=BSS      S=.bss     G=DGROUP   M=JclStringConversions ACBP=A9
 0002:00006D3C 00000004 C=BSS      S=.bss     G=DGROUP   M=JclCharsets ACBP=A9
 0002:00006D40 00000004 C=BSS      S=.bss     G=DGROUP   M=Jcl8087  ACBP=A9
 0002:00006D44 00000004 C=BSS      S=.bss     G=DGROUP   M=Snmp     ACBP=A9
 0002:00006D48 00000004 C=BSS      S=.bss     G=DGROUP   M=TlHelp32 ACBP=A9
 0002:00006D4C 00000004 C=BSS      S=.bss     G=DGROUP   M=PsAPI    ACBP=A9
 0002:00006D50 00000004 C=BSS      S=.bss     G=DGROUP   M=JclIniFiles ACBP=A9
 0002:00006D54 00000010 C=BSS      S=.bss     G=DGROUP   M=JclSysInfo ACBP=A9
 0002:00006D64 00001418 C=BSS      S=.bss     G=DGROUP   M=JclUnicode ACBP=A9
 0002:0000817C 00000004 C=BSS      S=.bss     G=DGROUP   M=JclWideStrings ACBP=A9
 0002:00008180 00000004 C=BSS      S=.bss     G=DGROUP   M=JclRegistry ACBP=A9
 0002:00008184 00000004 C=BSS      S=.bss     G=DGROUP   M=JclSynch ACBP=A9
 0002:00008188 00000004 C=BSS      S=.bss     G=DGROUP   M=JclMath  ACBP=A9
 0002:0000818C 00000004 C=BSS      S=.bss     G=DGROUP   M=JclStreams ACBP=A9
 0002:00008190 00000504 C=BSS      S=.bss     G=DGROUP   M=JclAnsiStrings ACBP=A9
 0002:00008694 00000504 C=BSS      S=.bss     G=DGROUP   M=JclStrings ACBP=A9
 0002:00008B98 00000004 C=BSS      S=.bss     G=DGROUP   M=JclShell ACBP=A9
 0002:00008B9C 00000004 C=BSS      S=.bss     G=DGROUP   M=JclSecurity ACBP=A9
 0002:00008BA0 00000004 C=BSS      S=.bss     G=DGROUP   M=JclDateTime ACBP=A9
 0002:00008BA4 00000004 C=BSS      S=.bss     G=DGROUP   M=JclFileUtils ACBP=A9
 0002:00008BA8 00000004 C=BSS      S=.bss     G=DGROUP   M=JclConsole ACBP=A9
 0002:00008BAC 00000008 C=BSS      S=.bss     G=DGROUP   M=JclSysUtils ACBP=A9
 0002:00008BB4 00000008 C=BSS      S=.bss     G=DGROUP   M=JclUnitVersioning ACBP=A9
 0002:00008BBC 00000008 C=BSS      S=.bss     G=DGROUP   M=JclBase  ACBP=A9
 0002:00008BC4 00000004 C=BSS      S=.bss     G=DGROUP   M=JvConsts ACBP=A9
 0002:00008BC8 00000004 C=BSS      S=.bss     G=DGROUP   M=JvResources ACBP=A9
 0002:00008BCC 00000004 C=BSS      S=.bss     G=DGROUP   M=JvTypes  ACBP=A9
 0002:00008BD0 00000008 C=BSS      S=.bss     G=DGROUP   M=JvThemes ACBP=A9
 0002:00008BD8 00000004 C=BSS      S=.bss     G=DGROUP   M=JVCLVer  ACBP=A9
 0002:00008BDC 00000004 C=BSS      S=.bss     G=DGROUP   M=JvExControls ACBP=A9
 0002:00008BE0 00000004 C=BSS      S=.bss     G=DGROUP   M=JvComponentBase ACBP=A9
 0002:00008BE4 00000004 C=BSS      S=.bss     G=DGROUP   M=JvExForms ACBP=A9
 0002:00008BE8 00000004 C=BSS      S=.bss     G=DGROUP   M=JvExStdCtrls ACBP=A9
 0002:00008BEC 00000004 C=BSS      S=.bss     G=DGROUP   M=JvComponent ACBP=A9
 0002:00008BF0 00000004 C=BSS      S=.bss     G=DGROUP   M=Grids    ACBP=A9
 0002:00008BF4 00000004 C=BSS      S=.bss     G=DGROUP   M=MMSystem ACBP=A9
 0002:00008BF8 00000008 C=BSS      S=.bss     G=DGROUP   M=JvJCLUtils ACBP=A9
 0002:00008C00 00000008 C=BSS      S=.bss     G=DGROUP   M=JclRTTI  ACBP=A9
 0002:00008C08 00000004 C=BSS      S=.bss     G=DGROUP   M=JclMime  ACBP=A9
 0002:00008C0C 00000004 C=BSS      S=.bss     G=DGROUP   M=JvPropertyStoreEditorIntf ACBP=A9
 0002:00008C10 00000004 C=BSS      S=.bss     G=DGROUP   M=JvStrings ACBP=A9
 0002:00008C14 00000004 C=BSS      S=.bss     G=DGROUP   M=JConsts  ACBP=A9
 0002:00008C18 00000004 C=BSS      S=.bss     G=DGROUP   M=jpeg     ACBP=A9
 0002:00008C1C 00000004 C=BSS      S=.bss     G=DGROUP   M=JvProgressUtils ACBP=A9
 0002:00008C20 00000004 C=BSS      S=.bss     G=DGROUP   M=JvPropertyStore ACBP=A9
 0002:00008C24 00000004 C=BSS      S=.bss     G=DGROUP   M=JvTranslateString ACBP=A9
 0002:00008C28 00000009 C=BSS      S=.bss     G=DGROUP   M=JvAppStorage ACBP=A9
 0002:00008C34 00000004 C=BSS      S=.bss     G=DGROUP   M=JvJVCLUtils ACBP=A9
 0002:00008C38 00000004 C=BSS      S=.bss     G=DGROUP   M=JvButton ACBP=A9
 0002:00008C3C 00000004 C=BSS      S=.bss     G=DGROUP   M=JvHotTrackPersistent ACBP=A9
 0002:00008C40 00000014 C=BSS      S=.bss     G=DGROUP   M=JvSpeedButton ACBP=A9
 0002:00008C54 00000004 C=BSS      S=.bss     G=DGROUP   M=JvExMask ACBP=A9
 0002:00008C58 00000004 C=BSS      S=.bss     G=DGROUP   M=SqlTimSt ACBP=A9
 0002:00008C5C 0000000C C=BSS      S=.bss     G=DGROUP   M=DB       ACBP=A9
 0002:00008C68 00000004 C=BSS      S=.bss     G=DGROUP   M=JvDataSourceIntf ACBP=A9
 0002:00008C6C 00000004 C=BSS      S=.bss     G=DGROUP   M=JvBaseDlg ACBP=A9
 0002:00008C70 00000004 C=BSS      S=.bss     G=DGROUP   M=JvBrowseFolder ACBP=A9
 0002:00008C74 00000004 C=BSS      S=.bss     G=DGROUP   M=JvExGrids ACBP=A9
 0002:00008C78 00000004 C=BSS      S=.bss     G=DGROUP   M=JvPickDate ACBP=A9
 0002:00008C7C 00000004 C=BSS      S=.bss     G=DGROUP   M=JvToolEdit ACBP=A9
 0002:00008C80 00000004 C=BSS      S=.bss     G=DGROUP   M=JvCaret  ACBP=A9
 0002:00008C84 00000004 C=BSS      S=.bss     G=DGROUP   M=JvMaxPixel ACBP=A9
 0002:00008C88 00000004 C=BSS      S=.bss     G=DGROUP   M=JvFixedEditPopUp ACBP=A9
 0002:00008C8C 00000004 C=BSS      S=.bss     G=DGROUP   M=JvEdit   ACBP=A9
 0002:00008C90 00000004 C=BSS      S=.bss     G=DGROUP   M=JvValidateEdit ACBP=A9
 0002:00008C94 00000004 C=BSS      S=.bss     G=DGROUP   M=ValEdit  ACBP=A9
 0002:00008C98 00000008 C=BSS      S=.bss     G=DGROUP   M=untPrincipal ACBP=A9


  Address         Publics by Name

 0002:000046B4       ..
 0001:00152658       ..
 0001:00151D30       ..
 0001:001516A8       ..
 0001:00150EA4       ..
 0001:00150968       ..
 0001:0015080C       ..
 0001:0014FCDC       ..
 0001:0014F4B4       ..
 0002:00004314       ..
 0001:00143D04       ..
 0002:00003EF8       ..
 0001:0014E508       ..
 0001:0014E3F8       ..
 0001:001430A0       ..
 0001:0014472C       ..
 0001:0014C47C       ..
 0001:00152B70       ..
 0001:00153BDC       ..
 0001:00144268       ..
 0001:0014AF28       ..
 0002:00004114       ..
 0001:0014AC58       ..
 0001:0014A964       ..
 0001:001498D4       ..
 0001:001491FC       ..
 0001:00147EFC       ..
 0002:00004008       ..
 0001:001472B4       ..
 0001:00146D0C       ..
 0001:00146720       ..
 0002:00003F88       ..
 0001:00145B94       ..
 0002:00003F08       ..
 0001:00144E6C       ..
 0002:00008C28       .01
 0002:00008BA8       .01
 0002:00006CC0       .012
 0002:00006C90       .1
 0002:00006AC0       .1
 0002:00006D54       .1
 0002:00006C8C       .1
 0002:00006CE4       .1
 0002:00006D44       .1
 0002:00008BD8       .1
 0002:00006C74       .1
 0002:00006C70       .1
 0002:00006B3C       .1
 0002:00008BC8       .1
 0002:00006CEC       .1
 0002:00006C64       .1
 0002:00006680       .1
 0002:0000667C       .1
 0002:00006D40       .1
 0002:00008BD0       .1
 0002:00006C5C       .1
 0002:00006C58       .1
 0002:00008C14       .1
 0002:00008C10       .1
 0002:00006C98       .1
 0002:00008C88       .1
 0002:00008C0C       .1
 0002:00006B00       .1
 0002:00008C1C       .1
 0002:00006C0C       .1
 0002:00006CAC       .1
 0002:00008C08       .1
 0002:00006C08       .1
 0002:00006D28       .1
 0002:00006D48       .1
 0002:00006D2C       .1
 0002:0000688C       .1
 0002:00006A58       .1
 0002:00006A5C       .1
 0002:00006A60       .1
 0002:00006A64       .1
 0002:00006A68       .1
 0002:00006A6C       .1
 0002:00006A70       .1
 0002:000068F8       .1
 0002:00006924       .1
 0002:00006840       .1
 0002:00006674       .1
 0002:0000666C       .1
 0002:00006938       .1
 0002:00006D4C       .1
 0002:00006D50       .1
 0002:00008C58       .1
 0002:00006D34       .1
 0002:0000696C       .1
 0002:00006AB0       .1
 0002:00006A40       .1
 0002:00006A50       .1
 0002:00008B98       .1
 0002:00008BC4       .1
 0002:00008BF0       .11
 0002:00006A74       .11
 0002:00006AAC       .12
 0002:00006CC8       .12
 0002:00006894       .12
 0002:00006C2C       .12
 0002:00006C4C       .15
 0002:00008C84       .2
 0002:000068F0       .2
 0002:00006C88       .2
 0002:00006C9C       .2
 0002:00006CA0       .2
 0002:00008BA0       .2
 0002:00006D20       .2
 0002:00006CA4       .2
 0002:00006CA8       .2
 0002:00006AB8       .2
 0002:00008C24       .2
 0002:00008C9C       .2
 0002:0000693C       .2
 0002:00006B24       .2
 0002:00008C70       .2
 0002:00008C78       .2
 0002:00008BE0       .2
 0002:00006CDC       .2
 0002:00006CD8       .2
 0002:00006D18       .2
 0002:00008B9C       .2
 0002:00008C80       .2
 0002:00006CF0       .2
 0002:00006C68       .21
 0002:000068F4       .21
 0002:00006C78       .22
 0002:00008690       .3
 0002:00008C54       .3
 0002:00006678       .3
 0002:00006BCC       .3
 0002:00006AF4       .3
 0002:00006948       .3
 0002:00006944       .3
 0002:00008180       .3
 0002:00006CE8       .3
 0002:00006C40       .3
 0002:00006C50       .3
 0002:00006C60       .3
 0002:00006848       .3
 0002:00006C6C       .3
 0002:00006C84       .3
 0002:00008C18       .3
 0002:00006CB4       .3
 0002:00006D30       .3
 0002:00006CBC       .3
 0002:00008BF8       .3
 0002:00008BEC       .3
 0002:00006D38       .3
 0002:00006D3C       .3
 0002:00006C3C       .3
 0002:00006794       .35
 0002:00006B14       .36
 0002:00008C64       .36
 0002:00008C3C       .4
 0002:00006A54       .4
 0002:00008C6C       .4
 0002:00008C94       .4
 0002:00008C8C       .4
 0002:0000817C       .4
 0002:00006AC4       .4
 0002:00008C38       .4
 0002:00008BC0       .4
 0002:00006C54       .4
 0002:00006CF4       .4
 0002:00008C20       .4
 0002:00006BF0       .41
 0002:00008C7C       .41
 0002:00006C10       .41
 0002:00006B2C       .42
 0002:00006D00       .43
 0002:00006858       .45
 0002:000065BC       .5
 0002:00006D24       .5
 0002:000067FC       .5
 0002:00008C90       .5
 0002:00006C38       .5
 0002:00006AFC       .5
 0002:00006C44       .5
 0002:00006D1C       .5
 0002:00006CF8       .5
 0002:00008BB4       .5
 0002:00008BB0       .51
 0002:00008BA4       .52
 0002:00006980       .6
 0002:00008C68       .6
 0002:00006844       .6
 0002:00006C24       .6
 0002:00008BF4       .7
 0002:00006C80       .7
 0002:00008BCC       .7
 0002:00008188       .7
 0002:00006D68       .71
 0002:00006B04       .72
 0002:00006B50       .72
 0002:00006B30       .73
 0002:00008C74       .8
 0002:00006B10       .8
 0002:00008C40       .8
 0002:00006BC8       .8
 0002:00008C34       .8
 0002:00006AF8       .8
 0002:00008BDC       .8
 0002:00008BE8       .81
 0002:00006820       .81
 0002:00008C00       .81
 0002:00006BE0       .9
 0002:00008B94       .9
 0002:00008BE4       .9
 0002:00008184       .91
 0002:00006C94       .92
 0002:0000818C       .92
 0002:00006CE0       .94
 0001:00001F30       @AbstractError
 0001:000044F4       @AddRefArray
 0001:000044AC       @AddRefRecord
 0001:00002AE4       @AfterConstruction
 0001:00002918       @AsClass
 0001:00003598       @Assert
 0001:000020D4       @AStrCmp
 0001:00002AF4       @BeforeDestruction
 0001:000026A0       @BoundErr
 0001:00002964       @CallDynaInst
 0001:00005774       @CheckAutoResult
 0001:00002A8C       @ClassCreate
 0001:00002ADC       @ClassDestroy
 0001:00001FA0       @Close
 0001:00001C04       @Copy
 0001:000046E8       @CopyArray
 0001:000045CC       @CopyRecord
 0001:00004894       @DispCallByIDError
 0001:0000FCF4       @DispInvokeError
 0001:000047F0       @Dispose
 0001:00003034       @DoneExcept
 0001:00004F68       @DynArrayAddRef
 0001:00004F40       @DynArrayAsg
 0001:00004F04       @DynArrayClear
 0001:00004DF0       @DynArrayCopy
 0001:00004E10       @DynArrayCopyRange
 0001:00004C30       @DynArrayHigh
 0001:00004C28       @DynArrayLength
 0001:00004DE4       @DynArraySetLength
 0001:0000311C       @ExceptionHandler
 0001:00002144       @FillChar
 0001:000044A0       @Finalize
 0001:000043B4       @FinalizeArray
 0001:00004368       @FinalizeRecord
 0001:0000297C       @FindDynaInst
 0001:00002694       @FpuInit
 0001:000025D0       @FpuMaskInit
 0001:00001A54       @FreeMem
 0001:00001A34       @GetMem
 0001:00005DB0       @GetTls
 0001:00003580       @Halt
 0001:000034A8       @Halt0
 0001:00002C08       @HandleAnyException
 0001:00002EF4       @HandleAutoException
 0001:00002EBC       @HandleFinally
 0001:00002D34       @HandleOnException
 0001:00005DFC       @InitExe
 0001:0000435C       @Initialize
 0001:000042C8       @InitializeArray
 0001:00004298       @InitializeRecord
 0001:00003350       @InitImports
 0001:00003328       @InitResStringImports
 0001:00003304       @InitResStrings
 0001:00003374       @InitWideStrings
 0001:00005664       @IntfAddRef
 0001:00005634       @IntfCast
 0001:000055F0       @IntfClear
 0001:00005608       @IntfCopy
 0001:000028F4       @IsClass
 0001:000025A0       @isNECWindows
 0001:0014E348       @jcopy_block_row
 0001:0014E2FC       @jcopy_sample_rows
 0001:0014E2D4       @jdiv_round_up
 0001:00147E68       @jinit_1pass_quantizer
 0001:001490DC       @jinit_2pass_quantizer
 0001:00151AE4       @jinit_color_converter
 0001:001470E8       @jinit_color_deconverter
 0001:0014F408       @jinit_compress_master
 0001:001515E0       @jinit_c_coef_controller
 0001:001508E4       @jinit_c_main_controller
 0001:00150744       @jinit_c_master_control
 0001:00150DFC       @jinit_c_prep_controller
 0001:001524D0       @jinit_downsampler
 0001:0014A850       @jinit_d_coef_controller
 0001:001497F4       @jinit_d_main_controller
 0001:0014ABC4       @jinit_d_post_controller
 0001:00152AF4       @jinit_forward_dct
 0001:001466E0       @jinit_huff_decoder
 0001:00154838       @jinit_huff_encoder
 0001:00144220       @jinit_input_controller
 0001:0014AEAC       @jinit_inverse_dct
 0001:0014E178       @jinit_marker_reader
 0001:0014FC88       @jinit_marker_writer
 0001:00144E34       @jinit_master_decompress
 0001:00143BCC       @jinit_memory_mgr
 0001:00146C8C       @jinit_merged_upsampler
 0001:00145B20       @jinit_phuff_decoder
 0001:00153600       @jinit_phuff_encoder
 0001:0014B40C       @jinit_upsampler
 0001:0014E368       @jpeg_abort
 0001:0014E3E0       @jpeg_alloc_huff_table
 0001:0014E3C8       @jpeg_alloc_quant_table
 0001:001538B0       @jpeg_fdct_float
 0001:00153644       @jpeg_fdct_ifast
 0001:00145FC8       @jpeg_fill_bit_buffer
 0001:00143CD8       @jpeg_free_large
 0001:00143CC8       @jpeg_free_small
 0001:0015457C       @jpeg_gen_optimal_table
 0001:00143CD0       @jpeg_get_large
 0001:00143CC0       @jpeg_get_small
 0001:00146114       @jpeg_huff_decode
 0001:0014C440       @jpeg_idct_1x1
 0001:0014C250       @jpeg_idct_2x2
 0001:0014BE9C       @jpeg_idct_4x4
 0001:0014B624       @jpeg_idct_float
 0001:0014BA68       @jpeg_idct_ifast
 0001:00153D6C       @jpeg_make_c_derived_tbl
 0001:00145CCC       @jpeg_make_d_derived_tbl
 0001:00143CE0       @jpeg_mem_available
 0001:00143CFC       @jpeg_mem_init
 0001:00143D00       @jpeg_mem_term
 0001:00143CEC       @jpeg_open_backing_store
 0001:0014E044       @jpeg_resync_to_restart
 0001:0014F1CC       @jpeg_suppress_tables
 0001:0014E2E4       @jround_up
 0001:0014E358       @jzero_far
 0001:00001C48       @LGetDir
 0001:00003A68       @LStrAddRef
 0001:000035DC       @LStrArrayClr
 0001:0000360C       @LStrAsg
 0001:00003880       @LStrCat
 0001:000038C4       @LStrCat3
 0001:00003938       @LStrCatN
 0001:000035B8       @LStrClr
 0001:000039C4       @LStrCmp
 0001:00003AD8       @LStrCopy
 0001:00003B18       @LStrDelete
 0001:00003828       @LStrFromArray
 0001:000037A0       @LStrFromChar
 0001:000037B0       @LStrFromPChar
 0001:000036A8       @LStrFromPCharLen
 0001:000037E0       @LStrFromPWChar
 0001:00003714       @LStrFromPWCharLen
 0001:0000381C       @LStrFromString
 0001:00003840       @LStrFromWStr
 0001:00003B60       @LStrInsert
 0001:00003650       @LStrLAsg
 0001:00003878       @LStrLen
 0001:00003C68       @LStrOfChar
 0001:00003BBC       @LStrPos
 0001:00003C04       @LStrSetLength
 0001:00003A78       @LStrToPChar
 0001:00003854       @LStrToString
 0001:000047DC       @New
 0001:0000367C       @NewAnsiString
 0001:00003C9C       @NewWideString
 0001:00014444       @OleVarFromInt
 0001:00014748       @OleVarFromLStr
 0001:00014798       @OleVarFromPStr
 0001:00014854       @OleVarFromVar
 0001:000022B4       @Pow10
 0001:00002050       @PStrCmp
 0001:00002028       @PStrCpy
 0001:00001FF8       @PStrNCat
 0001:00002034       @PStrNCpy
 0001:00002FE0       @RaiseAgain
 0001:00002FB8       @RaiseExcept
 0001:00001A74       @ReallocMem
 0001:00001F00       @ROUND
 0001:0000358C       @RunError
 0001:00002268       @SetElem
 0001:0000228C       @SetEq
 0001:000022A0       @SetUnion
 0001:00001CC0       @SGetDir
 0001:000032C4       @StartExe
 0001:0000060C       @strlen
 0001:00001F0C       @TRUNC
 0001:00003064       @TryFinallyExit
 0001:00003AD0       @UniqueStringA
 0001:000049F8       @ValInt64
 0001:00002164       @ValLong
 0001:000180D0       @VarAdd
 0001:00016160       @VarAddRef
 0001:000044DC       @VarAddRef
 0001:000180DC       @VarAnd
 0001:00016830       @VarArrayGet
 0001:00016920       @VarArrayPut
 0001:0001084C       @VarCast
 0001:0000FFE0       @VarClear
 0001:0000FFF4       @VarClr
 0001:0000439C       @VarClr
 0001:000180E8       @VarCmpEQ
 0001:000180F8       @VarCmpNE
 0001:000045B4       @VarCopy
 0001:00010308       @VarCopy
 0001:00010588       @VarCopyNoInd
 0001:000145D8       @VarFromBool
 0001:00014464       @VarFromByte
 0001:00014628       @VarFromCurr
 0001:00014580       @VarFromCurrency
 0001:000145AC       @VarFromDate
 0001:0001471C       @VarFromDisp
 0001:00014554       @VarFromDouble
 0001:000143E8       @VarFromInt
 0001:00014504       @VarFromInt64
 0001:00014424       @VarFromInteger
 0001:000146F0       @VarFromIntf
 0001:000144A4       @VarFromLongWord
 0001:0001463C       @VarFromLStr
 0001:00014668       @VarFromPStr
 0001:00014600       @VarFromReal
 0001:000144C4       @VarFromShortInt
 0001:00014530       @VarFromSingle
 0001:000144E4       @VarFromSmallInt
 0001:00014614       @VarFromTDateTime
 0001:00014484       @VarFromWord
 0001:000146B8       @VarFromWStr
 0001:0000FD48       @VarNull
 0001:000157B4       @VarOp
 0001:0001059C       @VarStringToOleStr
 0001:00012018       @VarToBool
 0001:00011CD0       @VarToBoolean
 0001:00011110       @VarToByte
 0001:00012EBC       @VarToCurrency
 0001:00012954       @VarToDate
 0001:0001433C       @VarToDisp
 0001:000121E4       @VarToDouble
 0001:000116D4       @VarToInt64
 0001:00010C10       @VarToInteger
 0001:00014270       @VarToIntf
 0001:00011388       @VarToLongWord
 0001:00013570       @VarToLStr
 0001:00012560       @VarToReal
 0001:00011060       @VarToShortInt
 0001:0001257C       @VarToSingle
 0001:000111B8       @VarToSmallInt
 0001:000112B0       @VarToWord
 0001:00013C98       @VarToWStr
 0001:00004278       @WStrAddRef
 0001:00003CDC       @WStrArrayClr
 0001:00003D00       @WStrAsg
 0001:00003EDC       @WStrCat
 0001:00003F3C       @WStrCat3
 0001:00003FA0       @WStrCatN
 0001:00003CC4       @WStrClr
 0001:00003FE8       @WStrCmp
 0001:0000406C       @WStrCopy
 0001:000040B8       @WStrDelete
 0001:00003DDC       @WStrFromChar
 0001:00003E44       @WStrFromLStr
 0001:00003D2C       @WStrFromPCharLen
 0001:00003DFC       @WStrFromPWChar
 0001:00003DB8       @WStrFromPWCharLen
 0001:00003E38       @WStrFromString
 0001:00003DEC       @WStrFromWChar
 0001:00004148       @WStrInsert
 0001:00003D24       @WStrLAsg
 0001:00003ED0       @WStrLen
 0001:000041E4       @WStrPos
 0001:00004234       @WStrSetLength
 0001:00003EC0       @WStrToPWChar
 0001:00003E54       @WStrToString
 0001:00002244       @_CLenToPasStr
 0001:00002238       @_CToPasStr
 0001:00001B9C       @_IOTest
 0001:000048C0       @_lldiv
 0001:0000493C       @_llmod
 0001:0000489C       @_llmul
 0001:000049B8       @_llshl
 0001:000049D8       @_llushr
 0001:0000C414       Abort
 0001:00051094       AbsMin
 0001:0000C7E0       AbstractErrorHandler
 0002:0000602C       AbstractErrorProc
 0001:0012DE64       AccCtrl
 0002:00000140       AccessMode
 0001:0010CD14       AccessPoint.Create
 0001:00001B04       AcquireExceptionObject
 0001:0001C440       ActivateClassGroup
 0001:000067F8       ActivateKeyboardLayout
 0001:00114A1C       ActivateWSDL
 0002:00006B84       ActiveDrag
 0001:00019E00       ActiveX
 0001:00060564       ActnList
 0001:00000740       AddBlockAfter
 0001:0009E250       AddChars
 0002:000005F4       AddDataModule
 0001:000A03D4       AddDigit
 0001:00128024       AddDrive
 0001:00008178       AddExitProc
 0001:000205EC       AddFinished
 0001:00063E84       AddIn
 0001:00005484       AddModuleUnloadProc
 0001:00005494       AddModuleUnloadProc
 0001:00080904       AddNodeClassInfo
 0001:0009F93C       AddNormalizedFractions
 0001:00020624       AddNotFinished
 0001:000A03B8       AddOneChar
 0001:000B1904       AddPtr
 0001:0010D0F8       Address.Create
 0001:0009E30C       AddStrings
 0001:00021048       AddSubComponentsToLoaded
 0002:000015C8       AdjustAmt
 0002:00004878       AdjustAmt
 0002:000015D0       AdjustAmt
 0002:00004870       AdjustAmt
 0002:00004860       AdjustAmt
 0002:00004868       AdjustAmt
 0002:000015C0       AdjustAmt
 0001:00028C64       AdjustColor
 0001:00036084       AdjustColors
 0001:000A187C       AdjustDays
 0001:0009ED68       AdjustDecimalPosition
 0001:000A18D0       AdjustHours
 0001:0006AED0       Adjustment
 0001:000A18FC       AdjustMinutes
 0001:000A1850       AdjustMonths
 0001:0009FC94       AdjustNibbles
 0001:00006800       AdjustWindowRectEx
 0002:00000B04       Alignments
 0002:00004C98       Alignments
 0002:00000DD8       Alignments
 0002:00001110       Alignments
 0002:00004834       Alignments
 0002:00000E7C       Alignments
 0002:00001100       Alignments
 0002:00001E18       Alignments
 0002:00004C80       AlignStyle
 0001:00071E58       AlignWork
 0001:00056718       AlignWork
 0001:000247E4       AllocateHWnd
 0001:00032A64       AllocFilterStr
 0002:00002F8C       AllocGranularity
 0001:0000812C       AllocMem
 0002:000065B4       AllocMemCount
 0002:000065B8       AllocMemSize
 0001:0002E7AC       AllocPatternBitmap
 0001:00005D58       AllocTlsBuffer
 0002:00001BBC       AMP
 0002:00001BC4       AMP
 0002:00001BE4       AMP
 0002:00001BDC       AMP
 0002:00000EEC       AnchorAlign
 0002:00000EE0       AnimateWindowProc
 0002:00000FE8       AnimationStyle
 0002:00008190       AnsiCaseMap
 0002:00003830       AnsiCaseMapReady
 0002:00008490       AnsiCharTypes
 0001:0000D210       AnsiCompareFileName
 0001:00008358       AnsiCompareStr
 0001:00008390       AnsiCompareText
 0002:00001408       AnsiEncodings
 0001:00008630       AnsiExtractQuotedStr
 0001:00009038       AnsiLastChar
 0001:00006808       AnsiLower
 0001:00008324       AnsiLowerCase
 0001:0000D278       AnsiLowerCaseFileName
 0001:0000D1D8       AnsiPos
 0001:0000850C       AnsiQuotedStr
 0002:00008BBC       AnsiReplacementCharacter
 0001:00068698       AnsiSameCaption
 0001:000083C8       AnsiSameText
 0001:000083E0       AnsiStrLIComp
 0001:0000D390       AnsiStrPos
 0001:0000D430       AnsiStrRScan
 0001:0000D458       AnsiStrScan
 0001:00005AF4       AnsiToUtf8
 0001:000082F0       AnsiUpperCase
 0001:0000D304       AnsiUpperCaseFileName
 0001:00014DC8       AnyOp
 0001:000141F8       AnyToIntf
 0001:0000A654       AppendChars
 0001:0000AA18       AppendFormat
 0001:00080A08       AppendItem
 0001:0000A6B8       AppendNumber
 0001:0000A698       AppendString
 0002:00006BE8       Application
 0002:00000604       ApplicationHandleException
 0002:0000060C       ApplicationShowException
 0002:00006CFC       AppNameSpacePrefix
 0002:0000123C       AppVisible
 0001:0009174C       ArrayContains
 0001:0011AD2C       ArrayIsNull
 0002:00001E3C       ArrowKey
 0001:0000C7C4       AssertErrorHandler
 0002:00006024       AssertErrorProc
 0001:00019430       AssignLongStr
 0001:00019AAC       AssignVariant
 0002:00001D08       ATTLISTSTART
 0002:00001D34       ATTLISTSTART
 0002:00001404       AttrChangeTypeMap
 0002:00001E20       Attributes
 0002:00000D50       AutoExpandStyles
 0002:0000660C       avail
 0002:00003E60       B64Table
 0001:0000923C       BackfillGetDiskFreeSpaceEx
 0001:00053C28       BackgroundClipped
 0001:0000EA14       BackupVarBoolFromStr
 0001:0000EB74       BackupVarBStrFromBool
 0001:0000EA94       BackupVarBStrFromCy
 0001:0000EB04       BackupVarBStrFromDate
 0001:0000E9A8       BackupVarCyFromStr
 0001:0000E93C       BackupVarDateFromStr
 0001:0000E7F8       BackupVarI4FromStr
 0001:0000E7A4       BackupVariantChangeTypeEx
 0001:0000E864       BackupVarR4FromStr
 0001:0000E8D0       BackupVarR8FromStr
 0002:00001444       BaseTypeIndMap
 0002:00000438       BaseTypeMap
 0001:000A0268       BcdAdd
 0001:0009FE44       BcdCompare
 0001:000A01FC       BcdDivide
 0001:000A00AC       BcdDivide
 0001:0009D584       BcdError
 0001:0009D514       BcdErrorFmt
 0001:000A0040       BcdMultiply
 0001:0009FF48       BcdMultiply
 0001:000A06DC       BcdScale
 0001:0009FF0C       BcdSubtract
 0001:000A0774       BCDToCurr
 0001:0009DE24       BcdToDouble
 0001:000A0598       BcdToStr
 0001:0000CDB8       Beep
 0001:0001C798       BeginGlobalLoading
 0001:00006810       BeginPaint
 0001:00028C70       BetterSize
 0001:00064CF8       BiDiDraw
 0001:0010CEB8       BindingDetail.Create
 0001:0010CEFC       BindingDetail.Destroy
 0001:0010CF64       BindingDetail.GetBindingTemplateArray
 0001:0010CF6C       BindingDetail.GetBindingTemplateArrayLength
 0001:0010CE6C       BindingTemplate.Destroy
 0001:0010D234       BindingTemplates.Create
 0001:0010D278       BindingTemplates.Destroy
 0001:000233DC       BinToHex
 0001:00006578       BitBlt
 0001:00140EE0       BitBlt
 0002:00000C88       BitBtnCaptions
 0002:00006AC8       BitBtnGlyphs
 0002:00000998       BitCounts
 0002:00000990       BitmapCanvasList
 0002:000068AC       BitmapImageLock
 0001:0000E7E0       BiUnimplemented
 0001:0009EC04       BlankArgument
 0002:000006AC       BlockCode
 0002:000065E4       blockDescBlockList
 0002:000065E8       blockDescFreeList
 0002:00001E10       BoolDigit
 0002:000005D8       BooleanIdents
 0002:00000434       BooleanToStringRule
 0002:00003868       BoolToStr
 0001:00008B5C       BoolToStr
 0001:000132F8       BoolToWStrViaOS
 0002:00000D08       BorderStyles
 0002:00000DD0       BorderStyles
 0002:00000AFC       BorderStyles
 0001:0001B73C       Bounds
 0001:00006104       Bounds
 0002:000010A8       Breaks
 0001:000A4714       BrkrConst
 0002:000068E4       BrushManager
 0001:001389DC       Build
 0001:00142258       BuildColorMap
 0001:000674AC       BuildImage
 0001:001421B0       BuildPalette
 0002:0000131C       BuiltInTypeNames
 0001:0010D634       BusinessDetail.Create
 0001:0010D678       BusinessDetail.Destroy
 0001:0010D714       BusinessDetailExt.Create
 0001:0010D758       BusinessDetailExt.Destroy
 0001:0010D5D0       BusinessEntity.Destroy
 0001:0010D6E0       BusinessEntityExt.Destroy
 0001:0010D8E4       BusinessInfo.Destroy
 0001:0010D918       BusinessInfos.Create
 0001:0010D95C       BusinessInfos.Destroy
 0001:0010D9C4       BusinessList.Create
 0001:0010DA08       BusinessList.Destroy
 0001:0010D38C       BusinessService.Destroy
 0001:0010D478       BusinessServices.Create
 0001:0010D4BC       BusinessServices.Destroy
 0002:00000AA4       ButtonCaptions
 0002:00000CB8       ButtonCount
 0002:00008C44       ButtonCount
 0002:00000A78       ButtonNames
 0002:000047C8       ButtonNames
 0002:00001124       Buttons
 0001:0003A18C       Buttons
 0002:00000D20       ButtonStyles
 0002:00000E74       ButtonStyles
 0002:00006A80       ButtonWidths
 0001:0011AD44       ByteArrayInfo
 0001:00028450       BytesPerScanline
 0001:000287A8       ByteSwapColors
 0001:0000CE9C       ByteToCharIndex
 0001:0000CE74       ByteToCharLen
 0001:0000CE38       ByteType
 0001:0000CDC0       ByteTypeTest
 0002:00006BD0       CachedComCtrlVer
 0002:00000D00       cAddMode
 0001:0013BB0C       CalcAxis
 0001:0013ADE4       CalcAxis
 0001:0013B028       CalcAxisState
 0001:0013AE70       CalcFixedAxis
 0001:00024720       CalcJmpOffset
 0001:0013AF84       CalcMaxCell
 0001:0013CF40       CalcPageExtents
 0001:0009C694       CalcParamCount
 0001:0013C83C       CalcScroll
 0001:0013BEA4       CalcScrollBar
 0001:0013CBA0       CalcSizeInfo
 0001:0005E568       CalcSplitterPos
 0002:000014D8       CallingConventionName
 0001:00006818       CallNextHookEx
 0001:0000DC58       CallTerminateProcs
 0001:00006820       CallWindowProc
 0001:000520CC       CancelDrag
 0002:00007570       CanonicalDecompositions
 0001:0009EB94       CanUseShort
 0002:000068E8       CanvasList
 0002:00006B98       CanvasList
 0002:00000A50       Captions
 0002:00000FA4       CaptureControl
 0001:00138FEC       CaretPos
 0002:00004CB4       CaretWidth
 0002:00007170       CaseMapping
 0002:00006D70       Categories
 0001:0010D2E0       CategoryBag.Create
 0001:0010D324       CategoryBag.Destroy
 0002:00004CBC       cAutoCompleteOptionValues
 0002:00001048       cBooleanToItemAutoFlag
 0002:000004E4       CBooleanToRelationship
 0002:00004968       CBrowseObjectClasses
 0002:00007D70       CCCs
 0002:00001574       CCMap
 0002:00001CB8       CDATASTART
 0002:00001CE4       CDATASTART
 0001:00006120       CenterPoint
 0001:00032374       CenterWindow
 0002:00006AB6       CF_COMPONENT
 0002:00006AB4       CF_PICTURE
 0002:00006818       ChangeAnyProc
 0001:000505F8       ChangeBiDiModeAlignment
 0002:00000E28       CharCases
 0002:00000DF8       CharCases
 0001:000036D8       CharFromWChar
 0001:001404C8       CharInSet
 0001:00133380       CharIsLower
 0001:001337A0       CharIsLower
 0001:00133394       CharIsUpper
 0001:001337B4       CharIsUpper
 0001:0000D070       CharLength
 0001:001337C8       CharLower
 0001:00006828       CharLowerBuff
 0001:00006830       CharLowerBuffA
 0001:0000057C       CharNext
 0001:00006838       CharNext
 0001:0002687C       CharsetToIdent
 0001:0000CF84       CharToByteIndex
 0001:0000CFE8       CharToByteLen
 0001:00006840       CharToOemA
 0001:00006848       CharUpperBuff
 0001:00006850       CharUpperBuffA
 0001:00001BD8       ChDir
 0001:00001BEC       ChDir
 0001:00029238       CheckBool
 0001:000807A8       CheckEncoding
 0001:00086AF4       CheckForDTD
 0001:00086E84       CheckForXMLSchema
 0001:00080328       CheckIntegerValue
 0001:00002B84       CheckJmp
 0001:00006858       CheckMenuItem
 0002:00001098       Checks
 0001:0015C3B0       CheckSqlTimeStamp
 0001:00021084       CheckSubComponents
 0001:000234E4       CheckSynchronize
 0001:00155B8C       CheckTaskWindow
 0001:0006A8D0       CheckTaskWindow
 0001:00014DA4       CheckType
 0001:00051D80       CheckUndock
 0001:0000CCAC       CheckWin32Version
 0001:00080644       CheckWordValue
 0002:00001C78       chEnd1
 0002:00001C7C       chEnd2
 0002:00001478       ChoiceTypeMap
 0002:00001C58       chStart1
 0002:00001C5C       chStart2
 0002:00001C60       chStart3a
 0002:00001C64       chStart3b
 0002:00001C68       chStart4a
 0002:00001C6C       chStart4b
 0002:00001C70       chStart5a
 0002:00001C74       chStart5b
 0002:00000450       CInvalidCustomVariantType
 0002:0000104C       cItemAutoFlagToBoolean
 0002:00001044       cItemAutoFlagToMenu
 0001:00024970       Classes
 0001:0001C204       ClassNotFound
 0002:00001274       CLASS_DOMDocument
 0002:000012B8       CLASS_DOMDocument26
 0002:000012C8       CLASS_DOMDocument30
 0002:000012D8       CLASS_DOMDocument40
 0002:00006814       ClearAnyProc
 0001:0002610C       ClearColor
 0001:00075C50       ClearExcepInfo
 0001:00141124       ClearInfoList
 0001:00017358       ClearVariantTypeList
 0001:00006860       ClientToScreen
 0001:0005BB0C       ClientToWindow
 0001:00037858       Clipboard
 0002:00000988       ClipboardFormats
 0001:00037944       Clipbrd
 0001:00162354       ClipFilename
 0001:00006868       CloseClipboard
 0001:00006268       CloseHandle
 0002:00006988       CloseThemeData
 0002:00004C28       CLSID_ACLHistory
 0002:00004C38       CLSID_ACListISF
 0002:00004C48       CLSID_ACLMRU
 0002:00004C58       CLSID_ACLMulti
 0002:00004C18       CLSID_AutoComplete
 0002:00006040       CmdLine
 0002:0000603C       CmdShow
 0002:00001040       cMenuAutoFlagToItem
 0002:000004F0       CmpTypeMap
 0001:0000E7EC       CmpUnimplemented
 0002:0000124C       CoAddRefServerProcess
 0001:000080C4       CoCreateGuid
 0001:00019D88       CoCreateInstance
 0002:00001244       CoCreateInstanceEx
 0001:0013211C       CodePageFromLocale
 0002:0000125C       CoInitFlags
 0001:00019D78       CoInitialize
 0002:00001248       CoInitializeEx
 0002:00000708       Colors
 0001:00026674       ColorToIdent
 0002:00000B10       ColorToPretyName
 0001:00026664       ColorToRGB
 0002:000039A0       ColorValues
 0001:00006580       CombineRgn
 0002:00000E14       ComboBoxStyles
 0002:00006C18       ComClassManagerVar
 0001:00074FB8       ComConst
 0002:000068FC       ComCtl32DLL
 0002:00006B20       ComCtlVersion
 0001:00042724       ComCtrls
 0002:00006BE4       CommandPool
 0001:0002F1A4       CommCtrl
 0001:00031B58       CommDlg
 0002:00001D28       COMMENTSTART
 0002:00001CB4       COMMENTSTART
 0002:00001CFC       COMMENTSTART
 0002:00001CE0       COMMENTSTART
 0001:00000A20       Commit
 0002:00006628       committedRoot
 0001:00075F18       ComObj
 0001:0009FC14       CompactBcd
 0001:0009DFF0       CompareDigits
 0001:00138D48       CompareExtents
 0001:00063468       CompareFront
 0001:00008258       CompareMem
 0001:0009F9F4       CompareNormalizedFractions
 0001:00008228       CompareStr
 0001:00006270       CompareString
 0001:00006278       CompareStringA
 0001:00006280       CompareStringW
 0001:00008278       CompareText
 0001:00132190       CompareTextWin95
 0001:00132290       CompareTextWinNT
 0001:00080288       CompareToRead
 0001:00008A84       CompareWith
 0002:00007970       CompatibleDecompositions
 0001:00021164       ComponentCreated
 0002:00008178       Compositions
 0002:00001434       CompositorMap
 0002:00001438       CompositorNames
 0002:0000146C       CompositorNames
 0001:00029008       ComputeAldusChecksum
 0001:000372F8       ComStrs
 0001:00024DAC       Consts
 0001:0010D13C       Contact.Destroy
 0001:0010D188       Contacts.Create
 0001:0010D1CC       Contacts.Destroy
 0001:0002ED88       Contnrs
 0002:00006B56       ControlAtom
 0002:00006B5C       ControlAtomString
 0001:0006F698       ControlHasHelp
 0001:00136CFC       ControlInGlassPaint
 0001:0005F26C       Controls
 0002:00001D24       CONTSECTSTART
 0002:000047F4       Conversions
 0002:00000638       Convert
 0002:00000628       Convert
 0001:0000C1B4       ConvertAddr
 0001:000A29F0       ConvertDate
 0001:0000A7A8       ConvertEraString
 0002:00006CB8       ConverterRegistry
 0001:00008088       ConvertError
 0001:000080A0       ConvertErrorFmt
 0001:0000A910       ConvertYearString
 0002:0000492C       COptionsDirectory
 0001:00004C38       CopyArray
 0001:0002B9B8       CopyBitmap
 0001:0002C080       CopyBitmapAsMask
 0001:00006588       CopyEnhMetaFile
 0001:00039F8C       CopyImage
 0001:0002C01C       CopyPalette
 0001:00154C5C       CopyParentImage
 0002:00000D6C       Copyright
 0001:00066558       CopyToBest
 0002:00001250       CoReleaseServerProcess
 0002:00001254       CoResumeClassObjects
 0002:00001258       CoSuspendClassObjects
 0001:00019D90       CoTaskMemAlloc
 0001:000080E4       CoTaskMemFree
 0001:00019D80       CoUninitialize
 0001:0000CEF4       CountChars
 0002:000068C4       CounterLock
 0001:000C37F0       cp10000_MacRomanToUTF16Char
 0001:000C3E88       cp1250ToUTF16Char
 0001:000C4B00       cp1250ToUTF16Str
 0001:000C450C       cp1251ToUTF16Char
 0001:000C486C       cp1252ToUTF16Char
 0002:00001BD4       CR
 0002:00001D44       CR
 0002:00001C38       CR
 0002:00000454       CRangeToType
 0002:00003994       crDragAlt
 0001:0000C708       CreateAssertException
 0001:0000C890       CreateAVObject
 0001:00006590       CreateBitmap
 0001:00006598       CreateBrushIndirect
 0001:00006870       CreateCaret
 0001:000065A0       CreateCompatibleBitmap
 0001:000065A8       CreateCompatibleDC
 0001:000211E4       CreateComponent
 0001:000065B8       CreateDIBitmap
 0001:000065B0       CreateDIBSection
 0001:000092B0       CreateDir
 0001:00006288       CreateDirectory
 0001:001558E4       CreateDisabledBitmap
 0001:00155678       CreateDisabledBitmapEx
 0001:00155454       CreateDisabledBitmap_NewStyle
 0001:00078BF8       CreateDOMDocument
 0001:0007FF04       CreateDOMNode
 0001:001641EC       CreateEllipsisGlyph
 0001:00019DB0       CreateErrorInfo
 0001:00006290       CreateEvent
 0001:00006298       CreateFile
 0001:000062A0       CreateFileMapping
 0001:000065C0       CreateFontIndirect
 0001:000080CC       CreateGUID
 0001:000065C8       CreateHalftonePalette
 0001:00006878       CreateIcon
 0001:0015E4B0       CreateIDListFromCSIDL
 0001:0015E408       CreateIDListFromPath
 0001:0000C634       CreateInOutError
 0001:00006880       CreateMenu
 0001:0003378C       CreateMessageDialog
 0001:0012E0B8       CreateMutex
 0001:000065D0       CreatePalette
 0001:000065D8       CreatePenIndirect
 0001:00006888       CreatePopupMenu
 0001:000065E0       CreateRectRgn
 0001:000065E8       CreateRectRgnIndirect
 0001:000065F0       CreateSolidBrush
 0001:00028800       CreateSystemPalette
 0001:000062A8       CreateThread
 0001:00155AAC       CreateTwoColorsBrushPattern
 0001:00006EE8       CreateWindow
 0001:00006E90       CreateWindowEx
 0001:00137468       CreateWMMessage
 0001:0013744C       CreateWMMessage
 0002:000009EC       CreationControl
 0002:00000EE4       CreationControl
 0002:000005C4       CRelationshipToBoolean
 0002:00000418       CResult
 0002:00001ACC       CRLF
 0002:00003998       crMultiDragAlt
 0002:00003990       crMultiDragLink
 0002:0000399C       crMultiDragLinkAlt
 0002:00000ED0       CSHREDRAW
 0002:00004984       CSIDLLocations
 0001:0015E5C4       CSIDLToPath
 0002:00000138       cSimpleBoolStrs
 0002:0000056C       CText
 0002:00000E6C       Ctl3DStyles
 0002:00000FE0       Ctl3DStyles
 0001:00138FB8       Ctrl
 0002:00006620       curAlloc
 0001:00015AB4       CurrCompare
 0002:0000668C       CurrencyDecimals
 0002:00006688       CurrencyFormat
 0002:00006684       CurrencyString
 0001:0000A640       CurrentYear
 0001:000153B0       CurrOp
 0001:000A06E8       CurrToBCD
 0001:0000A12C       CurrToStr
 0001:00013288       CurrToWStrViaOS
 0002:000011C0       CursorMap
 0002:00000EF4       Cursors
 0001:00050918       CursorToIdent
 0002:000011B0       cUseAlpha
 0002:000011B8       cUseColorKey
 0001:00133EE8       CutFirstDirectory
 0001:001277C8       CutFirstDirectory
 0002:00000310       CVarTypeToElementInfo
 0001:00008794       CvtInt
 0001:00008800       CvtInt64
 0002:000015B4       CWNear
 0002:00000178       CWNear
 0002:00000ED8       Data
 0001:00015A8C       DateCompare
 0001:00014EE8       DateOp
 0002:0000668D       DateSeparator
 0001:0015C2E0       DateTimeToSQLTimeStamp
 0001:0000B258       DateTimeToStr
 0001:0000B1CC       DateTimeToString
 0001:0000A228       DateTimeToTimeStamp
 0001:000A1974       DateTimeToXMLTime
 0001:0000B228       DateToStr
 0001:000132C0       DateToWStrViaOS
 0001:000A0B94       DateUtils
 0002:00003DE8       Day
 0001:0000A618       DayOfWeek
 0001:000A0864       DaysInAMonth
 0002:00001614       DaysOfWeek
 0001:0015C990       DB
 0002:00008C60       DBApplication
 0001:0009D25C       DBConsts
 0002:00008C5C       DBScreen
 0002:00000174       DCon10
 0002:00000704       DDBsOnly
 0001:00024898       DeallocateHWnd
 0002:00000028       DebugHook
 0002:0000668B       DecimalSeparator
 0001:00016BC8       DecIndices
 0001:0000A5F8       DecodeDate
 0001:0000A4AC       DecodeDateFully
 0001:000B3A3C       DecodePacket
 0001:000B3C80       DecodeStream
 0001:000B3DB0       DecodeString
 0002:000018C8       DecodeTable
 0001:0000A31C       DecodeTime
 0001:00000AB4       Decommit
 0001:000010D0       DecommitFree
 0002:000065FC       decommittedRoot
 0002:00001DEC       DefArrayElemName
 0001:0006D320       Default
 0001:00072A80       Default
 0002:00000020       Default8087CW
 0002:00001E30       DefaultBlank
 0002:00000EE8       DefaultDockTreeClass
 0002:00006C30       DefaultDOMVendor
 0002:00001400       DefaultNodeIndent
 0001:0003DA74       DefaultTreeViewSort
 0002:000065C0       DefaultUserCodePage
 0002:00000958       DefBrushData
 0002:000047C0       DefCompanyName
 0002:000006D8       DefFontData
 0001:00006890       DefFrameProc
 0002:00000204       DefLongDayNames
 0002:000001B8       DefLongMonthNames
 0001:00006898       DefMDIChildProc
 0002:00000938       DefPenData
 0002:000001E8       DefShortDayNames
 0002:00000188       DefShortMonthNames
 0002:00006D14       defURL
 0001:000068A0       DefWindowProc
 0002:00006D10       defWSDL
 0001:00004FA4       DelayLoadResourceModule
 0001:00000770       DeleteBlock
 0001:000062B0       DeleteCriticalSection
 0001:000006E0       DeleteCriticalSection
 0001:000065F8       DeleteDC
 0001:00006600       DeleteEnhMetaFile
 0001:00009020       DeleteFile
 0001:000062B8       DeleteFile
 0001:00000F18       DeleteFree
 0001:000068A8       DeleteMenu
 0001:00006608       DeleteObject
 0001:00049F30       DeleteSelectedText
 0001:00141100       DeleteType
 0001:0002B574       DeselectBitmap
 0001:00154C00       DestroyAppStoragePropertyEngineList
 0001:000068B0       DestroyCursor
 0001:000068B8       DestroyIcon
 0001:0003A0BC       DestroyLocals
 0001:000068C0       DestroyMenu
 0001:000068C8       DestroyWindow
 0001:000806A4       DetectCharEncoding
 0001:0004DB84       DialogEnumerationTester
 0001:00032428       DialogHook
 0001:00033FFC       Dialogs
 0002:00000994       DIBPalSizes
 0002:0000008C       dig
 0002:0000173C       Directives
 0001:0012AE78       DirectoryExists
 0001:00008E20       DirectoryExists
 0001:00134224       DirectoryExists
 0001:001287A0       DirLevel
 0001:0006A724       DisableTaskWindows
 0001:0010CF80       DiscoveryUrl.Create
 0001:0010CFC4       DiscoveryURLs.Create
 0001:0010D008       DiscoveryURLs.Destroy
 0001:00075664       DispatchInvoke
 0001:00075C44       DispatchInvokeError
 0001:00137660       DispatchIsDesignMsg
 0001:000068D0       DispatchMessage
 0001:00070978       DispatchShortCut
 0001:00075C60       DispCall
 0001:00075D44       DispCallByID
 0002:00006000       DispCallByIDProc
 0001:00075B70       DispCallError
 0001:0000806C       DivMod
 0001:00137570       DlgCodesToDlgc
 0001:00137518       DlgcToDlgCodes
 0001:00031B90       Dlgs
 0001:000565A8       DoAlign
 0001:00071D0C       DoAlign
 0001:0013AC7C       DoCalc
 0001:0005A7CC       DoCalcConstraints
 0001:0013ACE4       DoCalcRightToLeft
 0001:0013B46C       DoChange
 0002:00006B8C       DockSiteList
 0001:00067178       DoClick
 0001:00139E54       DoColWidths
 0001:00057CEC       DoControlMsg
 0002:00001CBC       DOCTYPESTART
 0002:00001CE8       DOCTYPESTART
 0001:0006A6D4       DoDisableWindow
 0001:000516AC       DoDragOver
 0001:0000814C       DoExitProc
 0001:0005C83C       DoFindControlZone
 0001:0006A810       DoFindWindow
 0001:0005CDC8       DoFindZone
 0001:0005C8C0       DoForEach
 0001:0005E1CC       DoGetNextLimit
 0002:00001AC8       domDocumentFormatList
 0002:00001DB0       DOMMessages
 0001:0007DE28       DOMVendorList
 0001:0007DF60       DOMVendorNotSupported
 0002:00006C34       DOMVendors
 0001:000850F8       DOMVendorStored
 0001:0006A69C       DoneApplication
 0001:0005EF94       DoneControls
 0001:0000CBBC       DoneExceptions
 0001:0006ECF4       DoNestedActivation
 0001:000234A4       DoneThreadSynchronization
 0001:00071B5C       DoPosition
 0001:00056168       DoPosition
 0001:0005D7F4       DoPrune
 0001:00035544       DoRect
 0001:00139E98       DoRowHeights
 0001:0005DCCC       DoSaveZone
 0001:0005DED0       DoSetNewBounds
 0001:001398FC       DoSizeAdjust
 0002:000005E0       DotSep
 0002:00001D18       DoubleQuote
 0002:00001C9C       DoubleQuote
 0002:00001CF4       DoubleQuote
 0002:00001CC8       DoubleQuote
 0002:00001ADC       DoubleQuote
 0002:00001B2C       DOUBLESPACE
 0002:00001BA0       DOUBLESPACE
 0001:0013CB0C       DoUpdate
 0002:00000CBC       DownStyles
 0001:0001DF68       DoWrite
 0001:00029490       DoWrite
 0001:0002A690       DoWrite
 0001:00061AC8       DoWrite
 0001:000572D4       DoWriteDesignSize
 0001:00054D40       DoWriteIsControl
 0002:00001AD4       DQ
 0002:00001C88       DQ
 0002:00001B84       dQuote
 0002:00001B8C       dQuote
 0002:00001B94       dQuote
 0002:00001B7C       dQuote
 0002:00001AE8       dQuote
 0002:00001B9C       dQuote
 0002:00001BA8       dQuote
 0002:00001BB0       dQuote
 0002:00001BB8       dQuote
 0002:00001AF0       dQuote
 0002:00001B08       dQuote
 0002:00001B00       dQuote
 0002:00001AF8       dQuote
 0002:00001C18       dQuote
 0002:00001C10       dQuote
 0002:00001D54       dQuote
 0002:00001C08       dQuote
 0002:00001C90       dQuote
 0002:00001BF0       dQuote
 0002:00001C00       dQuote
 0002:00001BF8       dQuote
 0001:000318D0       DragAcceptFiles
 0002:00006B70       DragCapture
 0002:00006B64       DragControl
 0001:00051DF4       DragDone
 0001:0005165C       DragFindTarget
 0001:00051630       DragFindWindow
 0001:000318D8       DragFinish
 0002:00006B88       DragImageList
 0001:00051A4C       DragInit
 0001:00051BBC       DragInitControl
 0002:00006B6C       DragInternalObject
 0001:00051578       DragMessage
 0002:00006B68       DragObject
 0001:000318E0       DragQueryFile
 0002:00006B94       DragSave
 0002:00006B7C       DragSaveCursor
 0002:00006B74       DragStartPos
 0002:00000D38       DragStyles
 0002:00006B80       DragThreshold
 0001:0005177C       DragTo
 0001:00072ABC       DrawAppIcon
 0001:0013A1D4       DrawAxisLines
 0002:000047C4       DrawBitmap
 0001:00155404       DrawBitmapTransparent
 0001:001574AC       DrawButtonFrame
 0001:0013A44C       DrawCells
 0001:0005D360       DrawCloseButton
 0001:001372A4       DrawDotNetControl
 0001:00137204       DrawDotNetControl
 0001:000068D8       DrawEdge
 0001:000068E0       DrawFocusRect
 0001:000068E8       DrawFrameControl
 0001:00136D30       DrawGlassableImageList
 0001:00136D00       DrawGlassableText
 0001:0005D3B8       DrawGrabberLine
 0001:000068F0       DrawIcon
 0001:000068F8       DrawIconEx
 0002:0000101C       DrawingStyles
 0001:0013A3BC       DrawLines
 0001:0015A5AC       DrawMark
 0001:00006900       DrawMenuBar
 0001:000684B8       DrawMenuItem
 0001:00140EB0       DrawText
 0001:00006908       DrawText
 0002:0000698C       DrawThemeBackground
 0002:000069B0       DrawThemeEdge
 0002:000069B4       DrawThemeIcon
 0002:00006A38       DrawThemeParentBackground
 0002:00006990       DrawThemeText
 0001:000282D0       DupBits
 0001:00016B74       DynArrayBounds
 0001:00004C50       DynArrayClear
 0001:00016AEC       DynArrayDim
 0001:00016AD0       DynArrayElTypeInfo
 0001:00017024       DynArrayFromVariant
 0001:00016A90       DynArrayIndex
 0001:00004C58       DynArraySetLength
 0001:00016B04       DynArraySize
 0001:00016CD4       DynArrayToVariant
 0002:00001854       DynArrayTypes
 0001:00016C34       DynArrayVariantBounds
 0001:00016C8C       DynArrayVarType
 0002:00001108       EdgeStyle
 0002:00000E5C       EdgeStyles
 0002:00000FD0       EdgeStyles
 0002:00000D28       EditStyles
 0001:0007E1C8       EDOMParseError.Create
 0001:0000C608       EHeapException.FreeInstance
 0001:0012DFCC       EJclWin32Error.CreateRes
 0002:00001D04       ELEMENTSTART
 0002:00001D30       ELEMENTSTART
 0002:00001C28       EM
 0001:0010D0B4       Email.Create
 0001:00141840       EmitMessage
 0001:00006910       EmptyClipboard
 0001:00015918       EmptyCompare
 0001:00015318       EmptyOp
 0002:00006800       EmptyParam
 0002:000000BC       EmptyStr
 0002:000000C0       EmptyWideStr
 0001:00006918       EnableMenuItem
 0002:000010A0       Enables
 0001:00006920       EnableScrollBar
 0001:0006A7D8       EnableTaskWindows
 0002:00006A20       EnableThemeDialogTexture
 0002:00006A3C       EnableTheming
 0001:00006928       EnableWindow
 0001:000B3E80       EncdDecd
 0001:0000A47C       EncodeDate
 0001:000A089C       EncodeDateTime
 0001:000B39B8       EncodePacket
 0001:000B3AC4       EncodeStream
 0001:000B3D10       EncodeString
 0002:00001888       EncodeTable
 0001:0000A2DC       EncodeTime
 0001:0008077C       EncodingMatches
 0001:0001C820       EndGlobalLoading
 0001:00006930       EndPaint
 0001:000006D0       EnterCriticalSection
 0001:000062C0       EnterCriticalSection
 0002:00001D2C       ENTITYSTART
 0002:00001D00       ENTITYSTART
 0001:000062C8       EnumCalendarInfoA
 0001:00006938       EnumClipboardFormats
 0002:00006920       EnumDisplayMonitors
 0001:0000BE28       EnumEraNames
 0001:0000BE64       EnumEraYearOffsets
[...]
 0002:00004CBC       cAutoCompleteOptionValues
 0002:00004CD8       GlobalHiddenPopup
 0002:00006000       DispCallByIDProc
 0002:00006004       ExceptProc
 0002:00006008       ErrorProc
 0002:0000600C       ExceptClsProc
 0002:00006010       ExceptObjProc
 0002:00006014       RaiseExceptionProc
 0002:00006018       RTLUnwindProc
 0002:0000601C       ExceptionClass
 0002:00006020       SafeCallErrorProc
 0002:00006024       AssertErrorProc
 0002:00006028       ExitProcessProc
 0002:0000602C       AbstractErrorProc
 0002:00006030       MainInstance
 0002:00006034       MainThreadID
 0002:00006038       IsLibrary
 0002:0000603C       CmdShow
 0002:00006040       CmdLine
 0002:00006044       InitProc
 0002:00006048       ExitProc
 0002:0000604C       IsConsole
 0002:0000604D       IsMultiThread
 0002:0000604E       Test8086
 0002:00006050       Input
 0002:0000621C       Output
 0002:000063E8       ErrOutput
 0002:000065B4       AllocMemCount
 0002:000065B8       AllocMemSize
 0002:000065BC       .5
 0002:000065C0       DefaultUserCodePage
 0002:000065C4       initialized
 0002:000065C8       heapErrorCode
 0002:000065CC       heapLock
 0002:000065E4       blockDescBlockList
 0002:000065E8       blockDescFreeList
 0002:000065EC       spaceRoot
 0002:000065FC       decommittedRoot
 0002:0000660C       avail
 0002:00006618       rover
 0002:0000661C       remBytes
 0002:00006620       curAlloc
 0002:00006624       smallTab
 0002:00006628       committedRoot
 0002:00006638       InitContext
 0002:00006664       ModuleIsLib
 0002:00006665       ModuleIsCpp
 0002:00006668       HInstance
 0002:0000666C       .1
 0002:00006670       tlsBuffer
 0002:00006674       .1
 0002:00006678       .3
 0002:0000667C       .1
 0002:00006680       .1
 0002:00006684       CurrencyString
 0002:00006688       CurrencyFormat
 0002:00006689       NegCurrFormat
 0002:0000668A       ThousandSeparator
 0002:0000668B       DecimalSeparator
 0002:0000668C       CurrencyDecimals
 0002:0000668D       DateSeparator
 0002:00006690       ShortDateFormat
 0002:00006694       LongDateFormat
 0002:00006698       TimeSeparator
 0002:0000669C       TimeAMString
 0002:000066A0       TimePMString
 0002:000066A4       ShortTimeFormat
 0002:000066A8       LongTimeFormat
 0002:000066AC       ShortMonthNames
 0002:000066DC       LongMonthNames
 0002:0000670C       ShortDayNames
 0002:00006728       LongDayNames
 0002:00006744       SysLocale
 0002:00006752       ListSeparator
 0002:00006754       EraNames
 0002:00006770       EraYearOffsets
 0002:0000678C       TrueBoolStrs
 0002:00006790       FalseBoolStrs
 0002:00006794       .35
 0002:00006798       OutOfMemory
 0002:0000679C       InvalidPointer
 0002:000067A0       FLanguages
 0002:000067A4       VariantChangeTypeEx
 0002:000067A8       VarNeg
 0002:000067AC       VarNot
 0002:000067B0       VarAdd
 0002:000067B4       VarSub
 0002:000067B8       VarMul
 0002:000067BC       VarDiv
 0002:000067C0       VarIDiv
 0002:000067C4       VarMod
 0002:000067C8       VarAnd
 0002:000067CC       VarOr
 0002:000067D0       VarXor
 0002:000067D4       VarCmp
 0002:000067D8       VarI4FromStr
 0002:000067DC       VarR4FromStr
 0002:000067E0       VarR8FromStr
 0002:000067E4       VarDateFromStr
 0002:000067E8       VarCyFromStr
 0002:000067EC       VarBoolFromStr
 0002:000067F0       VarBstrFromCy
 0002:000067F4       VarBstrFromDate
 0002:000067F8       VarBstrFromBool
 0002:000067FC       .5
 0002:00006800       EmptyParam
 0002:00006810       VarDispProc
 0002:00006814       ClearAnyProc
 0002:00006818       ChangeAnyProc
 0002:0000681C       RefAnyProc
 0002:00006820       .81
 0002:00006824       LVarTypes
 0002:00006828       LVarTypeSync
 0002:00006840       .1
 0002:00006844       .6
 0002:00006848       .3
 0002:0000684C       GlobalNameSpace
 0002:00006850       IsUniqueGlobalComponentNameProc
 0002:00006854       SyncEvent
 0002:00006858       .45
 0002:0000685C       IntConstList
 0002:00006860       RegGroups
 0002:00006864       FindGlobalComponentProcs
 0002:00006868       GlobalFixupList
 0002:0000686C       ThreadLock
 0002:00006884       InstBlockList
 0002:00006888       InstFreeList
 0002:0000688C       .1
 0002:00006890       SystemPalette16
 0002:00006894       .12
 0002:00006898       ScreenLogPixels
 0002:0000689C       StockPen
 0002:000068A0       StockBrush
 0002:000068A4       StockFont
 0002:000068A8       StockIcon
 0002:000068AC       BitmapImageLock
 0002:000068C4       CounterLock
 0002:000068DC       FontManager
 0002:000068E0       PenManager
 0002:000068E4       BrushManager
 0002:000068E8       CanvasList
 0002:000068EC       PatternManager
 0002:000068F0       .2
 0002:000068F4       .21
 0002:000068F8       .1
 0002:000068FC       ComCtl32DLL
 0002:00006900       _InitCommonControlsEx
 0002:00006904       GetSystemMetrics
 0002:00006908       MonitorFromWindow
 0002:0000690C       MonitorFromRect
 0002:00006910       MonitorFromPoint
 0002:00006914       GetMonitorInfo
 0002:00006918       GetMonitorInfoA
 0002:0000691C       GetMonitorInfoW
 0002:00006920       EnumDisplayMonitors
 0002:00006924       .1
 0002:00006928       User32Dll
 0002:0000692C       InitApis
 0002:00006934       MMAvailable
 0002:00006938       .1
 0002:0000693C       .2
 0002:00006940       HelpManager
 0002:00006944       .3
 0002:00006948       .3
 0002:0000694C       FlatSB_EnableScrollBar
 0002:00006950       FlatSB_ShowScrollBar
 0002:00006954       FlatSB_GetScrollRange
 0002:00006958       FlatSB_GetScrollInfo
 0002:0000695C       FlatSB_GetScrollPos
 0002:00006960       FlatSB_SetScrollPos
 0002:00006964       FlatSB_SetScrollInfo
 0002:00006968       FlatSB_SetScrollRange
 0002:0000696C       .1
 0002:00006970       _FlatSB_GetScrollProp
 0002:00006974       _FlatSB_SetScrollProp
 0002:00006978       _InitializeFlatSB
 0002:0000697C       _UninitializeFlatSB
 0002:00006980       .6
 0002:00006984       OpenThemeData
 0002:00006988       CloseThemeData
 0002:0000698C       DrawThemeBackground
 0002:00006990       DrawThemeText
 0002:00006994       GetThemeBackgroundContentRect
 0002:00006998       GetThemeBackgroundExtent
 0002:0000699C       GetThemePartSize
 0002:000069A0       GetThemeTextExtent
 0002:000069A4       GetThemeTextMetrics
 0002:000069A8       GetThemeBackgroundRegion
 0002:000069AC       HitTestThemeBackground
 0002:000069B0       DrawThemeEdge
 0002:000069B4       DrawThemeIcon
 0002:000069B8       IsThemePartDefined
 0002:000069BC       IsThemeBackgroundPartiallyTransparent
 0002:000069C0       GetThemeColor
 0002:000069C4       GetThemeMetric
 0002:000069C8       GetThemeString
 0002:000069CC       GetThemeBool
 0002:000069D0       GetThemeInt
 0002:000069D4       GetThemeEnumValue
 0002:000069D8       GetThemePosition
 0002:000069DC       GetThemeFont
 0002:000069E0       GetThemeRect
 0002:000069E4       GetThemeMargins
 0002:000069E8       GetThemeIntList
 0002:000069EC       GetThemePropertyOrigin
 0002:000069F0       SetWindowTheme
 0002:000069F4       GetThemeFilename
 0002:000069F8       GetThemeSysColor
 0002:000069FC       GetThemeSysColorBrush
 0002:00006A00       GetThemeSysBool
 0002:00006A04       GetThemeSysSize
 0002:00006A08       GetThemeSysFont
 0002:00006A0C       GetThemeSysString
 0002:00006A10       GetThemeSysInt
 0002:00006A14       IsThemeActive
 0002:00006A18       IsAppThemed
 0002:00006A1C       GetWindowTheme
 0002:00006A20       EnableThemeDialogTexture
 0002:00006A24       IsThemeDialogTextureEnabled
 0002:00006A28       GetThemeAppProperties
 0002:00006A2C       SetThemeAppProperties
 0002:00006A30       GetCurrentThemeName
 0002:00006A34       GetThemeDocumentationProperty
 0002:00006A38       DrawThemeParentBackground
 0002:00006A3C       EnableTheming
 0002:00006A40       .1
 0002:00006A44       ThemeLibrary
 0002:00006A48       ReferenceCount
 0002:00006A4C       Lock
 0002:00006A50       .1
 0002:00006A54       .4
 0002:00006A58       .1
 0002:00006A5C       .1
 0002:00006A60       .1
 0002:00006A64       .1
 0002:00006A68       .1
 0002:00006A6C       .1
 0002:00006A70       .1
 0002:00006A74       .11
 0002:00006A78       HelpMsg
 0002:00006A7C       FindMsg
 0002:00006A80       ButtonWidths
 0002:00006AAC       .12
 0002:00006AB0       .1
 0002:00006AB4       CF_PICTURE
 0002:00006AB6       CF_COMPONENT
 0002:00006AB8       .2
 0002:00006ABC       FClipboard
 0002:00006AC0       .1
 0002:00006AC4       .4
 0002:00006AC8       BitBtnGlyphs
 0002:00006AF4       .3
 0002:00006AF8       .8
 0002:00006AFC       .5
 0002:00006B00       .1
 0002:00006B04       .72
 0002:00006B08       UrlMonHandle
 0002:00006B0C       UrlMonInitialized
 0002:00006B10       .8
 0002:00006B14       .36
 0002:00006B18       ShellModule
 0002:00006B1C       FRichEditModule
 0002:00006B20       ComCtlVersion
 0002:00006B24       .2
 0002:00006B28       InternalServices
 0002:00006B2C       .42
 0002:00006B30       .73
 0002:00006B34       WinHelpTester
 0002:00006B38       ViewerName
 0002:00006B3C       .1
 0002:00006B40       HelpViewer
 0002:00006B44       HelpViewerIntf
 0002:00006B48       Mouse
 0002:00006B4C       NewStyleControls
 0002:00006B50       .72
 0002:00006B54       WindowAtom
 0002:00006B56       ControlAtom
 0002:00006B58       WindowAtomString
 0002:00006B5C       ControlAtomString
 0002:00006B60       RM_GetObjectInstance
 0002:00006B64       DragControl
 0002:00006B68       DragObject
 0002:00006B6C       DragInternalObject
 0002:00006B70       DragCapture
 0002:00006B74       DragStartPos
 0002:00006B7C       DragSaveCursor
 0002:00006B80       DragThreshold
 0002:00006B84       ActiveDrag
 0002:00006B88       DragImageList
 0002:00006B8C       DockSiteList
 0002:00006B90       QualifyingSites
 0002:00006B94       DragSave
 0002:00006B98       CanvasList
 0002:00006B9C       _WINNLSEnableIME
 0002:00006BA0       _ImmGetContext
 0002:00006BA4       _ImmReleaseContext
 0002:00006BA8       _ImmGetConversionStatus
 0002:00006BAC       _ImmSetConversionStatus
 0002:00006BB0       _ImmSetOpenStatus
 0002:00006BB4       _ImmSetCompositionWindow
 0002:00006BB8       _ImmSetCompositionFont
 0002:00006BBC       _ImmGetCompositionString
 0002:00006BC0       _ImmIsIME
 0002:00006BC4       _ImmNotifyIME
 0002:00006BC8       .8
 0002:00006BCC       .3
 0002:00006BD0       CachedComCtrlVer
 0002:00006BD4       ImageListWriteExProc
 0002:00006BD8       PopupList
 0002:00006BDC       ShortCutItems
 0002:00006BE0       .9
 0002:00006BE4       CommandPool
 0002:00006BE8       Application
 0002:00006BEC       Screen
 0002:00006BF0       .41
 0002:00006BF4       RM_TaskbarCreated
 0002:00006BF8       HintThreadID
 0002:00006BFC       HintDoneEvent
 0002:00006C00       HintHook
 0002:00006C04       HintThread
 0002:00006C08       .1
 0002:00006C0C       .1
 0002:00006C10       .41
 0002:00006C14       OleUninitializing
 0002:00006C18       ComClassManagerVar
 0002:00006C1C       SaveInitProc
 0002:00006C20       NeedToUninitialize
 0002:00006C24       .6
 0002:00006C28       MSXML_DOM
 0002:00006C2C       .12
 0002:00006C30       DefaultDOMVendor
 0002:00006C34       DOMVendors
 0002:00006C38       .5
 0002:00006C3C       .3
 0002:00006C40       .3
 0002:00006C44       .5
 0002:00006C48       TranslatorList
 0002:00006C4C       .15
 0002:00006C50       .3
 0002:00006C54       .4
 0002:00006C58       .1
 0002:00006C5C       .1
 0002:00006C60       .3
 0002:00006C64       .1
 0002:00006C68       .21
 0002:00006C6C       .3
 0002:00006C70       .1
 0002:00006C74       .1
 0002:00006C78       .22
 0002:00006C7C       FContentParsers
 0002:00006C80       .7
 0002:00006C84       .3
 0002:00006C88       .2
 0002:00006C8C       .1
 0002:00006C90       .1
 0002:00006C94       .92
 0002:00006C98       .1
 0002:00006C9C       .2
 0002:00006CA0       .2
 0002:00006CA4       .2
 0002:00006CA8       .2
 0002:00006CAC       .1
 0002:00006CB0       TypeTranslator
 0002:00006CB4       .3
 0002:00006CB8       ConverterRegistry
 0002:00006CBC       .3
 0002:00006CC0       .012
 0002:00006CC4       OpenXMLFactory
 0002:00006CC8       .12
 0002:00006CCC       ParserLanguage
 0002:00006CD0       UrlMonHandle
 0002:00006CD4       XercesDOM
 0002:00006CD8       .2
 0002:00006CDC       .2
 0002:00006CE0       .94
 0002:00006CE4       .1
 0002:00006CE8       .3
 0002:00006CEC       .1
 0002:00006CF0       .2
 0002:00006CF4       .4
 0002:00006CF8       .5
 0002:00006CFC       AppNameSpacePrefix
 0002:00006D00       .43
 0002:00006D04       InvRegistryV
 0002:00006D08       RemClassRegistryV
 0002:00006D0C       RemTypeRegistryV
 0002:00006D10       defWSDL
 0002:00006D14       defURL
 0002:00006D18       .2
 0002:00006D1C       .5
 0002:00006D20       .2
 0002:00006D24       .5
 0002:00006D28       .1
 0002:00006D2C       .1
 0002:00006D30       .3
 0002:00006D34       .1
 0002:00006D38       .3
 0002:00006D3C       .3
 0002:00006D40       .1
 0002:00006D44       .1
 0002:00006D48       .1
 0002:00006D4C       .1
 0002:00006D50       .1
 0002:00006D54       .1
 0002:00006D58       KernelVersionHi
 0002:00006D5C       ResmeterLibHandle
 0002:00006D60       MyGetFreeSystemResources
 0002:00006D64       WideCompareText
 0002:00006D68       .71
 0002:00006D6C       LoadInProgress
 0002:00006D70       Categories
 0002:00007170       CaseMapping
 0002:00007570       CanonicalDecompositions
 0002:00007970       CompatibleDecompositions
 0002:00007D70       CCCs
 0002:00008170       NumberCodes
 0002:00008174       Numbers
 0002:00008178       Compositions
 0002:0000817C       .4
 0002:00008180       .3
 0002:00008184       .91
 0002:00008188       .7
 0002:0000818C       .92
 0002:00008190       AnsiCaseMap
 0002:00008490       AnsiCharTypes
 0002:00008690       .3
 0002:00008694       StrCaseMap
 0002:00008994       StrCharTypes
 0002:00008B94       .9
 0002:00008B98       .1
 0002:00008B9C       .2
 0002:00008BA0       .2
 0002:00008BA4       .52
 0002:00008BA8       .01
 0002:00008BAC       SimpleLog
 0002:00008BB0       .51
 0002:00008BB4       .5
 0002:00008BB8       UnitVersioningMutex
 0002:00008BBC       AnsiReplacementCharacter
 0002:00008BC0       .4
 0002:00008BC4       .1
 0002:00008BC8       .1
 0002:00008BCC       .7
 0002:00008BD0       .1
 0002:00008BD4       OrgWinControlWMPrintClient
 0002:00008BD8       .1
 0002:00008BDC       .8
 0002:00008BE0       .2
 0002:00008BE4       .9
 0002:00008BE8       .81
 0002:00008BEC       .3
 0002:00008BF0       .11
 0002:00008BF4       .7
 0002:00008BF8       .3
 0002:00008BFC       ShellVersion
 0002:00008C00       .81
 0002:00008C04       TypeList
 0002:00008C08       .1
 0002:00008C0C       .1
 0002:00008C10       .1
 0002:00008C14       .1
 0002:00008C18       .3
 0002:00008C1C       .1
 0002:00008C20       .4
 0002:00008C24       .2
 0002:00008C28       .01
 0002:00008C2C       GlobalRegisteredAppStoragePropertyEngineList
 0002:00008C30       GlobalRegisteredAppStoragePropertyEngineListDestroyed
 0002:00008C34       .8
 0002:00008C38       .4
 0002:00008C3C       .4
 0002:00008C40       .8
 0002:00008C44       ButtonCount
 0002:00008C48       GlyphCache
 0002:00008C4C       SaveColor1
 0002:00008C50       SaveColor2
 0002:00008C54       .3
 0002:00008C58       .1
 0002:00008C5C       DBScreen
 0002:00008C60       DBApplication
 0002:00008C64       .36
 0002:00008C68       .6
 0002:00008C6C       .4
 0002:00008C70       .2
 0002:00008C74       .8
 0002:00008C78       .2
 0002:00008C7C       .41
 0002:00008C80       .2
 0002:00008C84       .2
 0002:00008C88       .1
 0002:00008C8C       .4
 0002:00008C90       .5
 0002:00008C94       .4
 0002:00008C98       Form1
 0002:00008C9C       .2


Line numbers for IColetaService(IColetaService.pas) segment .text

    75 0001:00125570    76 0001:00125595    77 0001:0012559D    79 0001:001255A3
    80 0001:001255A7    82 0001:001255B7    84 0001:001255C5    85 0001:001255CB
    87 0001:001255DE    88 0001:001255E4    89 0001:001255F2    90 0001:0012560C
    92 0001:00125610    93 0001:0012561B    94 0001:00125628    96 0001:00125637
    98 0001:0012564F    99 0001:0012565D   101 0001:0012568A   104 0001:00125724
   105 0001:0012573E   106 0001:0012575C   107 0001:00125771   108 0001:00125792
   110 0001:001257C7

Line numbers for untPrincipal(untPrincipal.pas) segment .text

    73 0001:0016AC7C    74 0001:0016ACA2    75 0001:0016ACEC    76 0001:0016ACFD
    77 0001:0016AD0C    78 0001:0016AD16    79 0001:0016AD26    80 0001:0016AD32
    81 0001:0016AD40    82 0001:0016AD4D    83 0001:0016AD74    85 0001:0016AD81
    86 0001:0016AD91    87 0001:0016ADA1    88 0001:0016ADBD    90 0001:0016ADCB
    92 0001:0016ADD9    94 0001:0016AE23    96 0001:0016AE35    97 0001:0016AE3F
   100 0001:0016AE51   101 0001:0016AE5E   102 0001:0016AE80   104 0001:0016AE8D
   105 0001:0016AE9E   106 0001:0016AEB8   107 0001:0016AEC5   108 0001:0016AECC
   111 0001:0016AF17   115 0001:0016AF31   116 0001:0016AF3B   117 0001:0016AF43
   118 0001:0016AF4B   119 0001:0016AF59   121 0001:0016AFEC   124 0001:0016B03C
   125 0001:0016B03F   126 0001:0016B050   127 0001:0016B068   128 0001:0016B080
   129 0001:0016B098   130 0001:0016B0B0   131 0001:0016B0C8   132 0001:0016B0D5
   133 0001:0016B0E3   136 0001:0016B140   137 0001:0016B15A   138 0001:0016B17D
   142 0001:0016B202   149 0001:0016B270   150 0001:0016B2A5   153 0001:0016B2B5
   155 0001:0016B2E5   157 0001:0016B2F1   160 0001:0016B353   162 0001:0016B36F
   164 0001:0016B37B   166 0001:0016B398   167 0001:0016B3CD   164 0001:0016B3CE
   171 0001:0016B43E   176 0001:0016B474   177 0001:0016B48E   179 0001:0016B4AA
   181 0001:0016B4D4   183 0001:0016B507   186 0001:0016B52C   187 0001:0016B542
   188 0001:0016B553   189 0001:0016B58A   192 0001:0016B590   193 0001:0016B5B7
   215 0001:0016B716   220 0001:0016B7E0   221 0001:0016B800   222 0001:0016B81F
   223 0001:0016B831   224 0001:0016B83F   225 0001:0016B864   226 0001:0016B889
   227 0001:0016B8AE   229 0001:0016B8C4   231 0001:0016B8F6   235 0001:0016B96C
   236 0001:0016B98D   237 0001:0016B99D   238 0001:0016B9AD   240 0001:0016B9BD
   241 0001:0016BA02   243 0001:0016BA18   246 0001:0016BA35   248 0001:0016BAC9
   250 0001:0016BB9C   253 0001:0016BC6F   254 0001:0016BC99   255 0001:0016BCC3
   257 0001:0016BCED   259 0001:0016BD03   260 0001:0016BD26   261 0001:0016BD49
   262 0001:0016BD5C   263 0001:0016BD6F   264 0001:0016BEB5   267 0001:0016BFE8
   268 0001:0016C00C   269 0001:0016C01B   271 0001:0016C035   272 0001:0016C042
   273 0001:0016C069   276 0001:0016C076   277 0001:0016C17E   280 0001:0016C184
   281 0001:0016C1A7   284 0001:0016C1B6   286 0001:0016C26F   288 0001:0016C2A8
   289 0001:0016C2B1   291 0001:0016C2C3

Line numbers for prj_ConsumeWsIColeta(F:\Development\_DellaVolpe\desenv\prj_ConsomeWsIColeta\prj_ConsumeWsIColeta.dpr) segment .text

    10 0001:0016C894    11 0001:0016C8A4    12 0001:0016C8B0    13 0001:0016C8C8
    14 0001:0016C8D4

Bound resource files

c:\arquivos de programas\borland\delphi7\Lib\Buttons.res
c:\arquivos de programas\borland\delphi7\Lib\ExtDlgs.res
c:\arquivos de programas\borland\delphi7\Lib\Controls.res
c:\arquivos de programas\borland\delphi7\Lib\FileCtrl.res
C:\COMPON~1\JVCL339\jcl\lib\d7\JclUnicode.res
C:\Componentes\JVCL339\jvcl\Resources\JvConsts.res
C:\Componentes\JVCL339\jvcl\Resources\JvToolEdit.res
untPrincipal.dfm
prj_ConsumeWsIColeta.res
prj_ConsumeWsIColeta.drf


Program entry point at 0001:0016C894
